--------- beginning of system
11-26 12:23:35.525  9443  9443 D ActivityThread: Attach thread to application
11-26 12:23:35.647  9443  9443 V ActivityThread: callActivityOnCreate
11-26 12:23:35.692  9443  9443 D ActivityThread: add activity client record, r= ActivityRecord{4d8f3ee token=android.os.BinderProxy@442f816 {symlab.cloudridar.poster_edge/symlab.posterApp.PosterActivity}} token= android.os.BinderProxy@442f816
11-26 12:23:35.707  9443  9443 I PermissionManager: camera remind result:true
11-26 12:23:35.707  9443  9443 I BackgroundPermManager: pkgName: symlab.cloudridar.poster_edge,pid: 9443 ,uidOf3RdApk: 10148 ,permType: 0 ,permCfg: 1
11-26 12:23:35.719  9443  9443 D ActivityThread: isOptEnabled=false isWechatScanOpt=false
11-26 12:23:35.790  9443  9443 I PermissionManager: camera remind result:true
11-26 12:23:39.884  9443  9443 I BackgroundPermManager: pkgName: symlab.cloudridar.poster_edge,pid: 9443 ,uidOf3RdApk: 10148 ,permType: 0 ,permCfg: 0
11-26 12:23:40.905  9443  9443 D ActivityThread: Remove activity client record, r= ActivityRecord{4d8f3ee token=android.os.BinderProxy@442f816 {symlab.cloudridar.poster_edge/symlab.posterApp.PosterActivity}} token= android.os.BinderProxy@442f816
--------- beginning of main
11-26 13:32:57.985 18896 18923 E         : [ZeroHung]zrhung_get_config: Get config failed for wp[0x0102]
11-26 13:32:57.985 18896 18923 W ZrHung.AppEyeUiProbe: Failed to get config from zrhung
11-26 13:32:57.992 18896 18896 V ActivityThread: callActivityOnCreate
11-26 13:32:57.992 18896 18896 I Poster  :  onCreate() called.
11-26 13:32:57.995 18896 18896 I HwApsImpl: APS: new HwApsImpl created
11-26 13:32:57.998 18921 18921 W logcat  : type=1400 audit(0.0:7200): avc: granted { create } for name="logcat_1574767977976.txt" scontext=u:r:untrusted_app_27:s0:c512,c768 tcontext=u:object_r:sdcardfs:s0:c512,c768 tclass=file
11-26 13:32:58.002 18896 18896 V HwWidgetFactory: : successes to get AllImpl object and return....
11-26 13:32:58.009 18896 18896 D OpenGLRenderer: Skia GL Pipeline
11-26 13:32:58.013 18896 18896 I Rajawali: Rajawali | Bombshell | v1.1 Development 
11-26 13:32:58.013 18896 18896 I Rajawali: THIS IS A DEV BRANCH CONTAINING SIGNIFICANT CHANGES. PLEASE REFER TO CHANGELOG.md FOR MORE INFORMATION.
11-26 13:32:58.018 18896 18896 I ConfigStore: android::hardware::configstore::V1_0::ISurfaceFlingerConfigs::hasWideColorDisplay retrieved: 0
11-26 13:32:58.018 18896 18896 I ConfigStore: android::hardware::configstore::V1_0::ISurfaceFlingerConfigs::hasHDRDisplay retrieved: 0
11-26 13:32:58.018 18896 18896 I iGraphics: [0020080c] pn: symlab.cloudridar.poster_edge, p: 18896
11-26 13:32:58.032 18896 18896 D ActivityThread: add activity client record, r= ActivityRecord{4d8f3ee token=android.os.BinderProxy@442f816 {symlab.cloudridar.poster_edge/symlab.posterApp.PosterActivity}} token= android.os.BinderProxy@442f816
11-26 13:32:58.034 18896 18896 I Poster  :  onStart() called.
11-26 13:32:58.035 18896 18896 D ZrHung.AppEyeUiProbe: notify runnable to start.
11-26 13:32:58.036 18896 18896 I Poster  :  onResume() called.
11-26 13:32:58.041 18896 18896 I PermissionManager: camera remind result:true
11-26 13:32:58.041 18896 18896 I Camera  : open camera: 0, package name: symlab.cloudridar.poster_edge
11-26 13:32:58.041 18896 18896 I BackgroundPermManager: pkgName: symlab.cloudridar.poster_edge,pid: 18896 ,uidOf3RdApk: 10148 ,permType: 0 ,permCfg: 1
11-26 13:32:58.042 18896 18896 I HwCameraUtil: notifySurfaceFlingerCameraStatus : isFront = false , isOpend = true
11-26 13:32:58.052 18896 18896 D ActivityThread: isOptEnabled=false isWechatScanOpt=false
11-26 13:32:58.056 18896 18896 I HwSecImmHelper: mSecurityInputMethodService is null
11-26 13:32:58.061 18896 18896 D OpenGLRenderer:   HWUI Binary is  enabled
11-26 13:32:58.069 18896 18896 I ViewRootImpl[PosterActivity]: view add KeepScreenOnFlag
11-26 13:32:58.072 18896 18943 D Poster  : UDP connection
11-26 13:32:58.091 18896 18963 D HiTouch_PressGestureDetector: onAttached, package=symlab.cloudridar.poster_edge, windowType=1, mHiTouchRestricted=false
11-26 13:32:58.107 18896 18961 I ConfigStore: android::hardware::configstore::V1_0::ISurfaceFlingerConfigs::hasWideColorDisplay retrieved: 0
11-26 13:32:58.107 18896 18961 I ConfigStore: android::hardware::configstore::V1_0::ISurfaceFlingerConfigs::hasHDRDisplay retrieved: 0
11-26 13:32:58.107 18896 18961 I OpenGLRenderer: Initialized EGL, version 1.4, mEglDisplay 0x1
11-26 13:32:58.107 18896 18961 D OpenGLRenderer: Swap behavior 2
11-26 13:32:58.116 18896 18961 D mali_winsys: EGLint new_window_surface(egl_winsys_display *, void *, EGLSurface, EGLConfig, egl_winsys_surface **, EGLBoolean) returns 0x3000
11-26 13:32:58.127 18896 18896 I Poster  :  surfaceCreated() called.
11-26 13:32:58.132 18896 18896 I PermissionManager: camera remind result:true
11-26 13:32:58.135 18896 18896 I Poster  :  surfaceChanged() called.
11-26 13:32:58.145 18896 18940 D mali_winsys: EGLint new_window_surface(egl_winsys_display *, void *, EGLSurface, EGLConfig, egl_winsys_surface **, EGLBoolean) returns 0x3000
11-26 13:32:58.172 18896 18896 W InputMethodManager: startInputReason = 1
11-26 13:32:58.174 18896 18896 W InputMethodManager: startInputReason = 5
11-26 13:33:00.644 18896 18896 D stylus  : init stylus touchlistener.
11-26 13:33:00.650 18896 18896 W Settings: Setting device_provisioned has moved from android.provider.Settings.Secure to android.provider.Settings.Global.
11-26 13:33:00.651 18896 18896 V HiTouch_HiTouchSensor: User setup is finished.
11-26 13:33:00.669 18896 18940 V Poster  : No object picked!
11-26 13:33:00.717 18896 18943 D Evaluation: get gray scaled frame data at 1574767980717
11-26 13:33:00.731 18896 18943 D Evaluation: frame 64 sent with size 15233 at 1574767980731
11-26 13:33:01.005 18896 18943 W System.err: java.net.NoRouteToHostException: No route to host
11-26 13:33:01.006 18896 18943 W System.err: 	at sun.nio.ch.DatagramChannelImpl.receive0(Native Method)
11-26 13:33:01.006 18896 18943 W System.err: 	at sun.nio.ch.DatagramChannelImpl.receiveIntoNativeBuffer(DatagramChannelImpl.java:464)
11-26 13:33:01.006 18896 18943 W System.err: 	at sun.nio.ch.DatagramChannelImpl.receive(DatagramChannelImpl.java:450)
11-26 13:33:01.006 18896 18943 W System.err: 	at sun.nio.ch.DatagramChannelImpl.receive(DatagramChannelImpl.java:393)
11-26 13:33:01.006 18896 18943 W System.err: 	at symlab.CloudAR.network.UDPReceivingTask.run(UDPReceivingTask.java:71)
11-26 13:33:01.007 18896 18943 W System.err: 	at android.os.Handler.handleCallback(Handler.java:907)
11-26 13:33:01.007 18896 18943 W System.err: 	at android.os.Handler.dispatchMessage(Handler.java:105)
11-26 13:33:01.007 18896 18943 W System.err: 	at android.os.Looper.loop(Looper.java:216)
11-26 13:33:01.007 18896 18943 W System.err: 	at android.os.HandlerThread.run(HandlerThread.java:65)
11-26 13:33:02.015 18896 18907 E         : [ZeroHung]zrhung_get_config: Get config failed for wp[0x0008]
11-26 13:33:02.050 18896 18905 W System  : A resource failed to call close. 
11-26 13:33:02.675 18896 18940 V Poster  : No object picked!
11-26 13:33:02.698 18896 18943 D Evaluation: get gray scaled frame data at 1574767982698
11-26 13:33:02.712 18896 18943 D Evaluation: frame 114 sent with size 15099 at 1574767982712
11-26 13:33:02.976 18896 18896 I AwareBitmapCacher: init lrucache size: 2097152 pid=18896
11-26 13:33:03.049 18896 18943 W System.err: java.net.NoRouteToHostException: No route to host
11-26 13:33:03.049 18896 18943 W System.err: 	at sun.nio.ch.DatagramChannelImpl.receive0(Native Method)
11-26 13:33:03.049 18896 18943 W System.err: 	at sun.nio.ch.DatagramChannelImpl.receiveIntoNativeBuffer(DatagramChannelImpl.java:464)
11-26 13:33:03.049 18896 18943 W System.err: 	at sun.nio.ch.DatagramChannelImpl.receive(DatagramChannelImpl.java:450)
11-26 13:33:03.049 18896 18943 W System.err: 	at sun.nio.ch.DatagramChannelImpl.receive(DatagramChannelImpl.java:393)
11-26 13:33:03.049 18896 18943 W System.err: 	at symlab.CloudAR.network.UDPReceivingTask.run(UDPReceivingTask.java:71)
11-26 13:33:03.049 18896 18943 W System.err: 	at android.os.Handler.handleCallback(Handler.java:907)
11-26 13:33:03.049 18896 18943 W System.err: 	at android.os.Handler.dispatchMessage(Handler.java:105)
11-26 13:33:03.049 18896 18943 W System.err: 	at android.os.Looper.loop(Looper.java:216)
11-26 13:33:03.049 18896 18943 W System.err: 	at android.os.HandlerThread.run(HandlerThread.java:65)
11-26 13:33:04.668 18896 18940 V Poster  : No object picked!
11-26 13:33:04.680 18896 18896 W HiTouch_PressGestureDetector: Touch pointer move a lot. The moving distance of X is:141.83545, limit is:60The moving distance of Y is:39.35901, limit is:60
11-26 13:33:04.721 18896 18943 D Evaluation: get gray scaled frame data at 1574767984721
11-26 13:33:04.728 18896 18943 D Evaluation: frame 158 sent with size 12738 at 1574767984728
11-26 13:33:04.957 18896 18943 W System.err: java.net.NoRouteToHostException: No route to host
11-26 13:33:04.957 18896 18943 W System.err: 	at sun.nio.ch.DatagramChannelImpl.receive0(Native Method)
11-26 13:33:04.957 18896 18943 W System.err: 	at sun.nio.ch.DatagramChannelImpl.receiveIntoNativeBuffer(DatagramChannelImpl.java:464)
11-26 13:33:04.958 18896 18943 W System.err: 	at sun.nio.ch.DatagramChannelImpl.receive(DatagramChannelImpl.java:450)
11-26 13:33:04.958 18896 18943 W System.err: 	at sun.nio.ch.DatagramChannelImpl.receive(DatagramChannelImpl.java:393)
11-26 13:33:04.958 18896 18943 W System.err: 	at symlab.CloudAR.network.UDPReceivingTask.run(UDPReceivingTask.java:71)
11-26 13:33:04.958 18896 18943 W System.err: 	at android.os.Handler.handleCallback(Handler.java:907)
11-26 13:33:04.958 18896 18943 W System.err: 	at android.os.Handler.dispatchMessage(Handler.java:105)
11-26 13:33:04.958 18896 18943 W System.err: 	at android.os.Looper.loop(Looper.java:216)
11-26 13:33:04.958 18896 18943 W System.err: 	at android.os.HandlerThread.run(HandlerThread.java:65)
11-26 13:33:05.252 18896 18896 I Poster  :  onPause() called.
11-26 13:33:05.345 18896 18896 I Camera  : close camera: 0, package name: symlab.cloudridar.poster_edge
11-26 13:33:05.346 18896 18896 I BackgroundPermManager: pkgName: symlab.cloudridar.poster_edge,pid: 18896 ,uidOf3RdApk: 10148 ,permType: 0 ,permCfg: 0
11-26 13:33:05.348 18896 18896 I HwCameraUtil: notifySurfaceFlingerCameraStatus : isFront = false , isOpend = false
11-26 13:33:05.432 18896 18896 D ZrHung.AppEyeUiProbe: stop checker.
11-26 13:33:05.476 18896 18896 I Poster  :  surfaceDestroyed() called.
11-26 13:33:05.482 18896 18940 W libEGL  : EGLNativeWindowType 0xc1e53808 disconnect failed
11-26 13:33:05.482 18896 18896 D ViewRootImpl[PosterActivity]: surface should not be released
11-26 13:33:05.483 18896 18896 I Poster  :  onStop() called.
11-26 13:33:05.500 18896 18961 W libEGL  : EGLNativeWindowType 0xd16fd808 disconnect failed
11-26 13:33:05.578 18896 18896 I ViewRootImpl[PosterActivity]: view add KeepScreenOnFlag
11-26 13:33:05.988 18896 18923 D ZrHung.AppEyeUiProbe: Current Activity:false
11-26 13:33:05.989 18896 18923 D ZrHung.AppEyeUiProbe: not watching, wait.
11-26 13:33:10.256 18896 18896 I AwareBitmapCacher: handleReleaseCache: pid=18896
11-26 13:33:10.256 18896 18896 I AwareBitmapCacher: init lrucache size: 2097152 pid=18896
11-26 13:33:10.452 18896 18907 E         : [ZeroHung]zrhung_get_config: Get config failed for wp[0x0008]
11-26 13:33:10.501 18896 18905 W System  : A resource failed to call close. 
11-26 13:33:10.514 18896 18905 W System  : A resource failed to call close. 
11-26 13:33:52.499 18896 18896 I Poster  :  onStart() called.
11-26 13:33:52.499 18896 18896 D ZrHung.AppEyeUiProbe: notify runnable to start.
11-26 13:33:52.500 18896 18896 I Poster  :  onResume() called.
11-26 13:33:52.501 18896 18923 D ZrHung.AppEyeUiProbe: restart watching
11-26 13:33:52.506 18896 18896 I Camera  : open camera: 0, package name: symlab.cloudridar.poster_edge
11-26 13:33:52.507 18896 18896 I HwCameraUtil: notifySurfaceFlingerCameraStatus : isFront = false , isOpend = true
11-26 13:33:52.517 18896 18896 D ActivityThread: isOptEnabled=false isWechatScanOpt=false
11-26 13:33:52.519 18896 18896 E libEGL  : call to OpenGL ES API with no current context (logged once per thread)
11-26 13:33:52.551 18896 18961 D mali_winsys: EGLint new_window_surface(egl_winsys_display *, void *, EGLSurface, EGLConfig, egl_winsys_surface **, EGLBoolean) returns 0x3000
11-26 13:33:52.556 18896 18896 I Poster  :  surfaceCreated() called.
11-26 13:33:52.560 18896 18896 I PermissionManager: camera remind result:true
11-26 13:33:52.566 18896 18896 I Poster  :  surfaceChanged() called.
11-26 13:33:52.567 18896 18896 E BpSurfaceComposerClient: Failed to transact (-1)
11-26 13:33:52.567 18896 18896 E BpSurfaceComposerClient: Failed to transact (-1)
11-26 13:33:52.573 18896 18940 D mali_winsys: EGLint new_window_surface(egl_winsys_display *, void *, EGLSurface, EGLConfig, egl_winsys_surface **, EGLBoolean) returns 0x3000
11-26 13:33:52.592 18896 18940 W libEGL  : EGLNativeWindowType 0xc290e008 disconnect failed
11-26 13:33:52.592 18896 18940 D mali_winsys: EGLint new_window_surface(egl_winsys_display *, void *, EGLSurface, EGLConfig, egl_winsys_surface **, EGLBoolean) returns 0x3000
11-26 13:33:52.594 18896 18896 W InputMethodManager: startInputReason = 1
11-26 13:33:52.607 18896 18940 E BpSurfaceComposerClient: Failed to transact (-1)
11-26 13:33:52.607 18896 18961 W libEGL  : EGLNativeWindowType 0xd16fd808 disconnect failed
11-26 13:33:52.608 18896 18940 E BpSurfaceComposerClient: Failed to transact (-1)
11-26 13:33:52.608 18896 18961 D mali_winsys: EGLint new_window_surface(egl_winsys_display *, void *, EGLSurface, EGLConfig, egl_winsys_surface **, EGLBoolean) returns 0x3000
11-26 13:33:52.848 18896 18896 W MessageQueue: Handler (android.os.Handler) {bd3a411} sending message to a Handler on a dead thread
11-26 13:33:52.848 18896 18896 W MessageQueue: java.lang.IllegalStateException: Handler (android.os.Handler) {bd3a411} sending message to a Handler on a dead thread
11-26 13:33:52.848 18896 18896 W MessageQueue: 	at android.os.MessageQueue.enqueueMessage(MessageQueue.java:650)
11-26 13:33:52.848 18896 18896 W MessageQueue: 	at android.os.Handler.enqueueMessage(Handler.java:769)
11-26 13:33:52.848 18896 18896 W MessageQueue: 	at android.os.Handler.sendMessageAtTime(Handler.java:718)
11-26 13:33:52.848 18896 18896 W MessageQueue: 	at android.os.Handler.sendMessageDelayed(Handler.java:688)
11-26 13:33:52.848 18896 18896 W MessageQueue: 	at android.os.Handler.post(Handler.java:405)
11-26 13:33:52.848 18896 18896 W MessageQueue: 	at symlab.CloudAR.manager.ARManager.driveFrame(ARManager.java:219)
11-26 13:33:52.848 18896 18896 W MessageQueue: 	at symlab.posterApp.PosterActivity$4.onPreviewFrame(PosterActivity.java:258)
11-26 13:33:52.848 18896 18896 W MessageQueue: 	at android.hardware.Camera$EventHandler.handleMessage(Camera.java:1278)
11-26 13:33:52.848 18896 18896 W MessageQueue: 	at android.os.Handler.dispatchMessage(Handler.java:112)
11-26 13:33:52.848 18896 18896 W MessageQueue: 	at android.os.Looper.loop(Looper.java:216)
11-26 13:33:52.848 18896 18896 W MessageQueue: 	at android.app.ActivityThread.main(ActivityThread.java:7579)
11-26 13:33:52.848 18896 18896 W MessageQueue: 	at java.lang.reflect.Method.invoke(Native Method)
11-26 13:33:52.848 18896 18896 W MessageQueue: 	at com.android.internal.os.RuntimeInit$MethodAndArgsCaller.run(RuntimeInit.java:524)
11-26 13:33:52.848 18896 18896 W MessageQueue: 	at com.android.internal.os.ZygoteInit.main(ZygoteInit.java:1034)
11-26 13:33:52.849 18896 18896 W MessageQueue: Handler (android.os.Handler) {31e9b77} sending message to a Handler on a dead thread
11-26 13:33:52.849 18896 18896 W MessageQueue: java.lang.IllegalStateException: Handler (android.os.Handler) {31e9b77} sending message to a Handler on a dead thread
11-26 13:33:52.849 18896 18896 W MessageQueue: 	at android.os.MessageQueue.enqueueMessage(MessageQueue.java:650)
11-26 13:33:52.849 18896 18896 W MessageQueue: 	at android.os.Handler.enqueueMessage(Handler.java:769)
11-26 13:33:52.849 18896 18896 W MessageQueue: 	at android.os.Handler.sendMessageAtTime(Handler.java:718)
11-26 13:33:52.849 18896 18896 W MessageQueue: 	at android.os.Handler.sendMessageDelayed(Handler.java:688)
11-26 13:33:52.849 18896 18896 W MessageQueue: 	at android.os.Handler.post(Handler.java:405)
11-26 13:33:52.849 18896 18896 W MessageQueue: 	at symlab.CloudAR.manager.ARManager.driveFrame(ARManager.java:221)
11-26 13:33:52.849 18896 18896 W MessageQueue: 	at symlab.posterApp.PosterActivity$4.onPreviewFrame(PosterActivity.java:258)
11-26 13:33:52.849 18896 18896 W MessageQueue: 	at android.hardware.Camera$EventHandler.handleMessage(Camera.java:1278)
11-26 13:33:52.849 18896 18896 W MessageQueue: 	at android.os.Handler.dispatchMessage(Handler.java:112)
11-26 13:33:52.849 18896 18896 W MessageQueue: 	at android.os.Looper.loop(Looper.java:216)
11-26 13:33:52.849 18896 18896 W MessageQueue: 	at android.app.ActivityThread.main(ActivityThread.java:7579)
11-26 13:33:52.849 18896 18896 W MessageQueue: 	at java.lang.reflect.Method.invoke(Native Method)
11-26 13:33:52.849 18896 18896 W MessageQueue: 	at com.android.internal.os.RuntimeInit$MethodAndArgsCaller.run(RuntimeInit.java:524)
11-26 13:33:52.849 18896 18896 W MessageQueue: 	at com.android.internal.os.ZygoteInit.main(ZygoteInit.java:1034)
11-26 13:33:52.876 18896 18896 W MessageQueue: Handler (android.os.Handler) {bd3a411} sending message to a Handler on a dead thread
11-26 13:33:52.876 18896 18896 W MessageQueue: java.lang.IllegalStateException: Handler (android.os.Handler) {bd3a411} sending message to a Handler on a dead thread
11-26 13:33:52.876 18896 18896 W MessageQueue: 	at android.os.MessageQueue.enqueueMessage(MessageQueue.java:650)
11-26 13:33:52.876 18896 18896 W MessageQueue: 	at android.os.Handler.enqueueMessage(Handler.java:769)
11-26 13:33:52.876 18896 18896 W MessageQueue: 	at android.os.Handler.sendMessageAtTime(Handler.java:718)
11-26 13:33:52.876 18896 18896 W MessageQueue: 	at android.os.Handler.sendMessageDelayed(Handler.java:688)
11-26 13:33:52.876 18896 18896 W MessageQueue: 	at android.os.Handler.post(Handler.java:405)
11-26 13:33:52.876 18896 18896 W MessageQueue: 	at symlab.CloudAR.manager.ARManager.driveFrame(ARManager.java:219)
11-26 13:33:52.876 18896 18896 W MessageQueue: 	at symlab.posterApp.PosterActivity$4.onPreviewFrame(PosterActivity.java:258)
11-26 13:33:52.876 18896 18896 W MessageQueue: 	at android.hardware.Camera$EventHandler.handleMessage(Camera.java:1278)
11-26 13:33:52.876 18896 18896 W MessageQueue: 	at android.os.Handler.dispatchMessage(Handler.java:112)
11-26 13:33:52.876 18896 18896 W MessageQueue: 	at android.os.Looper.loop(Looper.java:216)
11-26 13:33:52.876 18896 18896 W MessageQueue: 	at android.app.ActivityThread.main(ActivityThread.java:7579)
11-26 13:33:52.876 18896 18896 W MessageQueue: 	at java.lang.reflect.Method.invoke(Native Method)
11-26 13:33:52.876 18896 18896 W MessageQueue: 	at com.android.internal.os.RuntimeInit$MethodAndArgsCaller.run(RuntimeInit.java:524)
11-26 13:33:52.876 18896 18896 W MessageQueue: 	at com.android.internal.os.ZygoteInit.main(ZygoteInit.java:1034)
11-26 13:33:52.877 18896 18896 W MessageQueue: Handler (android.os.Handler) {31e9b77} sending message to a Handler on a dead thread
11-26 13:33:52.877 18896 18896 W MessageQueue: java.lang.IllegalStateException: Handler (android.os.Handler) {31e9b77} sending message to a Handler on a dead thread
11-26 13:33:52.877 18896 18896 W MessageQueue: 	at android.os.MessageQueue.enqueueMessage(MessageQueue.java:650)
11-26 13:33:52.877 18896 18896 W MessageQueue: 	at android.os.Handler.enqueueMessage(Handler.java:769)
11-26 13:33:52.877 18896 18896 W MessageQueue: 	at android.os.Handler.sendMessageAtTime(Handler.java:718)
11-26 13:33:52.877 18896 18896 W MessageQueue: 	at android.os.Handler.sendMessageDelayed(Handler.java:688)
11-26 13:33:52.877 18896 18896 W MessageQueue: 	at android.os.Handler.post(Handler.java:405)
11-26 13:33:52.877 18896 18896 W MessageQueue: 	at symlab.CloudAR.manager.ARManager.driveFrame(ARManager.java:221)
11-26 13:33:52.877 18896 18896 W MessageQueue: 	at symlab.posterApp.PosterActivity$4.onPreviewFrame(PosterActivity.java:258)
11-26 13:33:52.877 18896 18896 W MessageQueue: 	at android.hardware.Camera$EventHandler.handleMessage(Camera.java:1278)
11-26 13:33:52.877 18896 18896 W MessageQueue: 	at android.os.Handler.dispatchMessage(Handler.java:112)
11-26 13:33:52.877 18896 18896 W MessageQueue: 	at android.os.Looper.loop(Looper.java:216)
11-26 13:33:52.877 18896 18896 W MessageQueue: 	at android.app.ActivityThread.main(ActivityThread.java:7579)
11-26 13:33:52.877 18896 18896 W MessageQueue: 	at java.lang.reflect.Method.invoke(Native Method)
11-26 13:33:52.877 18896 18896 W MessageQueue: 	at com.android.internal.os.RuntimeInit$MethodAndArgsCaller.run(RuntimeInit.java:524)
11-26 13:33:52.877 18896 18896 W MessageQueue: 	at com.android.internal.os.ZygoteInit.main(ZygoteInit.java:1034)
11-26 13:33:52.920 18896 18896 W MessageQueue: Handler (android.os.Handler) {bd3a411} sending message to a Handler on a dead thread
11-26 13:33:52.920 18896 18896 W MessageQueue: java.lang.IllegalStateException: Handler (android.os.Handler) {bd3a411} sending message to a Handler on a dead thread
11-26 13:33:52.920 18896 18896 W MessageQueue: 	at android.os.MessageQueue.enqueueMessage(MessageQueue.java:650)
11-26 13:33:52.920 18896 18896 W MessageQueue: 	at android.os.Handler.enqueueMessage(Handler.java:769)
11-26 13:33:52.920 18896 18896 W MessageQueue: 	at android.os.Handler.sendMessageAtTime(Handler.java:718)
11-26 13:33:52.920 18896 18896 W MessageQueue: 	at android.os.Handler.sendMessageDelayed(Handler.java:688)
11-26 13:33:52.920 18896 18896 W MessageQueue: 	at android.os.Handler.post(Handler.java:405)
11-26 13:33:52.920 18896 18896 W MessageQueue: 	at symlab.CloudAR.manager.ARManager.driveFrame(ARManager.java:219)
11-26 13:33:52.920 18896 18896 W MessageQueue: 	at symlab.posterApp.PosterActivity$4.onPreviewFrame(PosterActivity.java:258)
11-26 13:33:52.920 18896 18896 W MessageQueue: 	at android.hardware.Camera$EventHandler.handleMessage(Camera.java:1278)
11-26 13:33:52.920 18896 18896 W MessageQueue: 	at android.os.Handler.dispatchMessage(Handler.java:112)
11-26 13:33:52.920 18896 18896 W MessageQueue: 	at android.os.Looper.loop(Looper.java:216)
11-26 13:33:52.920 18896 18896 W MessageQueue: 	at android.app.ActivityThread.main(ActivityThread.java:7579)
11-26 13:33:52.920 18896 18896 W MessageQueue: 	at java.lang.reflect.Method.invoke(Native Method)
11-26 13:33:52.920 18896 18896 W MessageQueue: 	at com.android.internal.os.RuntimeInit$MethodAndArgsCaller.run(RuntimeInit.java:524)
11-26 13:33:52.920 18896 18896 W MessageQueue: 	at com.android.internal.os.ZygoteInit.main(ZygoteInit.java:1034)
11-26 13:33:52.921 18896 18896 W MessageQueue: Handler (android.os.Handler) {31e9b77} sending message to a Handler on a dead thread
11-26 13:33:52.921 18896 18896 W MessageQueue: java.lang.IllegalStateException: Handler (android.os.Handler) {31e9b77} sending message to a Handler on a dead thread
11-26 13:33:52.921 18896 18896 W MessageQueue: 	at android.os.MessageQueue.enqueueMessage(MessageQueue.java:650)
11-26 13:33:52.921 18896 18896 W MessageQueue: 	at android.os.Handler.enqueueMessage(Handler.java:769)
11-26 13:33:52.921 18896 18896 W MessageQueue: 	at android.os.Handler.sendMessageAtTime(Handler.java:718)
11-26 13:33:52.921 18896 18896 W MessageQueue: 	at android.os.Handler.sendMessageDelayed(Handler.java:688)
11-26 13:33:52.921 18896 18896 W MessageQueue: 	at android.os.Handler.post(Handler.java:405)
11-26 13:33:52.921 18896 18896 W MessageQueue: 	at symlab.CloudAR.manager.ARManager.driveFrame(ARManager.java:221)
11-26 13:33:52.921 18896 18896 W MessageQueue: 	at symlab.posterApp.PosterActivity$4.onPreviewFrame(PosterActivity.java:258)
11-26 13:33:52.921 18896 18896 W MessageQueue: 	at android.hardware.Camera$EventHandler.handleMessage(Camera.java:1278)
11-26 13:33:52.921 18896 18896 W MessageQueue: 	at android.os.Handler.dispatchMessage(Handler.java:112)
11-26 13:33:52.921 18896 18896 W MessageQueue: 	at android.os.Looper.loop(Looper.java:216)
11-26 13:33:52.921 18896 18896 W MessageQueue: 	at android.app.ActivityThread.main(ActivityThread.java:7579)
11-26 13:33:52.921 18896 18896 W MessageQueue: 	at java.lang.reflect.Method.invoke(Native Method)
11-26 13:33:52.921 18896 18896 W MessageQueue: 	at com.android.internal.os.RuntimeInit$MethodAndArgsCaller.run(RuntimeInit.java:524)
11-26 13:33:52.921 18896 18896 W MessageQueue: 	at com.android.internal.os.ZygoteInit.main(ZygoteInit.java:1034)
11-26 13:33:52.955 18896 18896 W MessageQueue: Handler (android.os.Handler) {bd3a411} sending message to a Handler on a dead thread
11-26 13:33:52.955 18896 18896 W MessageQueue: java.lang.IllegalStateException: Handler (android.os.Handler) {bd3a411} sending message to a Handler on a dead thread
11-26 13:33:52.955 18896 18896 W MessageQueue: 	at android.os.MessageQueue.enqueueMessage(MessageQueue.java:650)
11-26 13:33:52.955 18896 18896 W MessageQueue: 	at android.os.Handler.enqueueMessage(Handler.java:769)
11-26 13:33:52.955 18896 18896 W MessageQueue: 	at android.os.Handler.sendMessageAtTime(Handler.java:718)
11-26 13:33:52.955 18896 18896 W MessageQueue: 	at android.os.Handler.sendMessageDelayed(Handler.java:688)
11-26 13:33:52.955 18896 18896 W MessageQueue: 	at android.os.Handler.post(Handler.java:405)
11-26 13:33:52.955 18896 18896 W MessageQueue: 	at symlab.CloudAR.manager.ARManager.driveFrame(ARManager.java:219)
11-26 13:33:52.955 18896 18896 W MessageQueue: 	at symlab.posterApp.PosterActivity$4.onPreviewFrame(PosterActivity.java:258)
11-26 13:33:52.955 18896 18896 W MessageQueue: 	at android.hardware.Camera$EventHandler.handleMessage(Camera.java:1278)
11-26 13:33:52.955 18896 18896 W MessageQueue: 	at android.os.Handler.dispatchMessage(Handler.java:112)
11-26 13:33:52.955 18896 18896 W MessageQueue: 	at android.os.Looper.loop(Looper.java:216)
11-26 13:33:52.955 18896 18896 W MessageQueue: 	at android.app.ActivityThread.main(ActivityThread.java:7579)
11-26 13:33:52.955 18896 18896 W MessageQueue: 	at java.lang.reflect.Method.invoke(Native Method)
11-26 13:33:52.955 18896 18896 W MessageQueue: 	at com.android.internal.os.RuntimeInit$MethodAndArgsCaller.run(RuntimeInit.java:524)
11-26 13:33:52.955 18896 18896 W MessageQueue: 	at com.android.internal.os.ZygoteInit.main(ZygoteInit.java:1034)
11-26 13:33:52.956 18896 18896 W MessageQueue: Handler (android.os.Handler) {31e9b77} sending message to a Handler on a dead thread
11-26 13:33:52.956 18896 18896 W MessageQueue: java.lang.IllegalStateException: Handler (android.os.Handler) {31e9b77} sending message to a Handler on a dead thread
11-26 13:33:52.956 18896 18896 W MessageQueue: 	at android.os.MessageQueue.enqueueMessage(MessageQueue.java:650)
11-26 13:33:52.956 18896 18896 W MessageQueue: 	at android.os.Handler.enqueueMessage(Handler.java:769)
11-26 13:33:52.956 18896 18896 W MessageQueue: 	at android.os.Handler.sendMessageAtTime(Handler.java:718)
11-26 13:33:52.956 18896 18896 W MessageQueue: 	at android.os.Handler.sendMessageDelayed(Handler.java:688)
11-26 13:33:52.956 18896 18896 W MessageQueue: 	at android.os.Handler.post(Handler.java:405)
11-26 13:33:52.956 18896 18896 W MessageQueue: 	at symlab.CloudAR.manager.ARManager.driveFrame(ARManager.java:221)
11-26 13:33:52.956 18896 18896 W MessageQueue: 	at symlab.posterApp.PosterActivity$4.onPreviewFrame(PosterActivity.java:258)
11-26 13:33:52.956 18896 18896 W MessageQueue: 	at android.hardware.Camera$EventHandler.handleMessage(Camera.java:1278)
11-26 13:33:52.956 18896 18896 W MessageQueue: 	at android.os.Handler.dispatchMessage(Handler.java:112)
11-26 13:33:52.956 18896 18896 W MessageQueue: 	at android.os.Looper.loop(Looper.java:216)
11-26 13:33:52.956 18896 18896 W MessageQueue: 	at android.app.ActivityThread.main(ActivityThread.java:7579)
11-26 13:33:52.956 18896 18896 W MessageQueue: 	at java.lang.reflect.Method.invoke(Native Method)
11-26 13:33:52.956 18896 18896 W MessageQueue: 	at com.android.internal.os.RuntimeInit$MethodAndArgsCaller.run(RuntimeInit.java:524)
11-26 13:33:52.956 18896 18896 W MessageQueue: 	at com.android.internal.os.ZygoteInit.main(ZygoteInit.java:1034)
11-26 13:33:52.989 18896 18896 W MessageQueue: Handler (android.os.Handler) {bd3a411} sending message to a Handler on a dead thread
11-26 13:33:52.989 18896 18896 W MessageQueue: java.lang.IllegalStateException: Handler (android.os.Handler) {bd3a411} sending message to a Handler on a dead thread
11-26 13:33:52.989 18896 18896 W MessageQueue: 	at android.os.MessageQueue.enqueueMessage(MessageQueue.java:650)
11-26 13:33:52.989 18896 18896 W MessageQueue: 	at android.os.Handler.enqueueMessage(Handler.java:769)
11-26 13:33:52.989 18896 18896 W MessageQueue: 	at android.os.Handler.sendMessageAtTime(Handler.java:718)
11-26 13:33:52.989 18896 18896 W MessageQueue: 	at android.os.Handler.sendMessageDelayed(Handler.java:688)
11-26 13:33:52.989 18896 18896 W MessageQueue: 	at android.os.Handler.post(Handler.java:405)
11-26 13:33:52.989 18896 18896 W MessageQueue: 	at symlab.CloudAR.manager.ARManager.driveFrame(ARManager.java:219)
11-26 13:33:52.989 18896 18896 W MessageQueue: 	at symlab.posterApp.PosterActivity$4.onPreviewFrame(PosterActivity.java:258)
11-26 13:33:52.989 18896 18896 W MessageQueue: 	at android.hardware.Camera$EventHandler.handleMessage(Camera.java:1278)
11-26 13:33:52.989 18896 18896 W MessageQueue: 	at android.os.Handler.dispatchMessage(Handler.java:112)
11-26 13:33:52.989 18896 18896 W MessageQueue: 	at android.os.Looper.loop(Looper.java:216)
11-26 13:33:52.989 18896 18896 W MessageQueue: 	at android.app.ActivityThread.main(ActivityThread.java:7579)
11-26 13:33:52.989 18896 18896 W MessageQueue: 	at java.lang.reflect.Method.invoke(Native Method)
11-26 13:33:52.989 18896 18896 W MessageQueue: 	at com.android.internal.os.RuntimeInit$MethodAndArgsCaller.run(RuntimeInit.java:524)
11-26 13:33:52.989 18896 18896 W MessageQueue: 	at com.android.internal.os.ZygoteInit.main(ZygoteInit.java:1034)
11-26 13:33:52.990 18896 18896 W MessageQueue: Handler (android.os.Handler) {31e9b77} sending message to a Handler on a dead thread
11-26 13:33:52.990 18896 18896 W MessageQueue: java.lang.IllegalStateException: Handler (android.os.Handler) {31e9b77} sending message to a Handler on a dead thread
11-26 13:33:52.990 18896 18896 W MessageQueue: 	at android.os.MessageQueue.enqueueMessage(MessageQueue.java:650)
11-26 13:33:52.990 18896 18896 W MessageQueue: 	at android.os.Handler.enqueueMessage(Handler.java:769)
11-26 13:33:52.990 18896 18896 W MessageQueue: 	at android.os.Handler.sendMessageAtTime(Handler.java:718)
11-26 13:33:52.990 18896 18896 W MessageQueue: 	at android.os.Handler.sendMessageDelayed(Handler.java:688)
11-26 13:33:52.990 18896 18896 W MessageQueue: 	at android.os.Handler.post(Handler.java:405)
11-26 13:33:52.990 18896 18896 W MessageQueue: 	at symlab.CloudAR.manager.ARManager.driveFrame(ARManager.java:221)
11-26 13:33:52.990 18896 18896 W MessageQueue: 	at symlab.posterApp.PosterActivity$4.onPreviewFrame(PosterActivity.java:258)
11-26 13:33:52.990 18896 18896 W MessageQueue: 	at android.hardware.Camera$EventHandler.handleMessage(Camera.java:1278)
11-26 13:33:52.990 18896 18896 W MessageQueue: 	at android.os.Handler.dispatchMessage(Handler.java:112)
11-26 13:33:52.990 18896 18896 W MessageQueue: 	at android.os.Looper.loop(Looper.java:216)
11-26 13:33:52.990 18896 18896 W MessageQueue: 	at android.app.ActivityThread.main(ActivityThread.java:7579)
11-26 13:33:52.990 18896 18896 W MessageQueue: 	at java.lang.reflect.Method.invoke(Native Method)
11-26 13:33:52.990 18896 18896 W MessageQueue: 	at com.android.internal.os.RuntimeInit$MethodAndArgsCaller.run(RuntimeInit.java:524)
11-26 13:33:52.990 18896 18896 W MessageQueue: 	at com.android.internal.os.ZygoteInit.main(ZygoteInit.java:1034)
11-26 13:33:53.023 18896 18896 W MessageQueue: Handler (android.os.Handler) {bd3a411} sending message to a Handler on a dead thread
11-26 13:33:53.023 18896 18896 W MessageQueue: java.lang.IllegalStateException: Handler (android.os.Handler) {bd3a411} sending message to a Handler on a dead thread
11-26 13:33:53.023 18896 18896 W MessageQueue: 	at android.os.MessageQueue.enqueueMessage(MessageQueue.java:650)
11-26 13:33:53.023 18896 18896 W MessageQueue: 	at android.os.Handler.enqueueMessage(Handler.java:769)
11-26 13:33:53.023 18896 18896 W MessageQueue: 	at android.os.Handler.sendMessageAtTime(Handler.java:718)
11-26 13:33:53.023 18896 18896 W MessageQueue: 	at android.os.Handler.sendMessageDelayed(Handler.java:688)
11-26 13:33:53.023 18896 18896 W MessageQueue: 	at android.os.Handler.post(Handler.java:405)
11-26 13:33:53.023 18896 18896 W MessageQueue: 	at symlab.CloudAR.manager.ARManager.driveFrame(ARManager.java:219)
11-26 13:33:53.023 18896 18896 W MessageQueue: 	at symlab.posterApp.PosterActivity$4.onPreviewFrame(PosterActivity.java:258)
11-26 13:33:53.023 18896 18896 W MessageQueue: 	at android.hardware.Camera$EventHandler.handleMessage(Camera.java:1278)
11-26 13:33:53.023 18896 18896 W MessageQueue: 	at android.os.Handler.dispatchMessage(Handler.java:112)
11-26 13:33:53.023 18896 18896 W MessageQueue: 	at android.os.Looper.loop(Looper.java:216)
11-26 13:33:53.023 18896 18896 W MessageQueue: 	at android.app.ActivityThread.main(ActivityThread.java:7579)
11-26 13:33:53.023 18896 18896 W MessageQueue: 	at java.lang.reflect.Method.invoke(Native Method)
11-26 13:33:53.023 18896 18896 W MessageQueue: 	at com.android.internal.os.RuntimeInit$MethodAndArgsCaller.run(RuntimeInit.java:524)
11-26 13:33:53.023 18896 18896 W MessageQueue: 	at com.android.internal.os.ZygoteInit.main(ZygoteInit.java:1034)
11-26 13:33:53.025 18896 18896 W MessageQueue: Handler (android.os.Handler) {31e9b77} sending message to a Handler on a dead thread
11-26 13:33:53.025 18896 18896 W MessageQueue: java.lang.IllegalStateException: Handler (android.os.Handler) {31e9b77} sending message to a Handler on a dead thread
11-26 13:33:53.025 18896 18896 W MessageQueue: 	at android.os.MessageQueue.enqueueMessage(MessageQueue.java:650)
11-26 13:33:53.025 18896 18896 W MessageQueue: 	at android.os.Handler.enqueueMessage(Handler.java:769)
11-26 13:33:53.025 18896 18896 W MessageQueue: 	at android.os.Handler.sendMessageAtTime(Handler.java:718)
11-26 13:33:53.025 18896 18896 W MessageQueue: 	at android.os.Handler.sendMessageDelayed(Handler.java:688)
11-26 13:33:53.025 18896 18896 W MessageQueue: 	at android.os.Handler.post(Handler.java:405)
11-26 13:33:53.025 18896 18896 W MessageQueue: 	at symlab.CloudAR.manager.ARManager.driveFrame(ARManager.java:221)
11-26 13:33:53.025 18896 18896 W MessageQueue: 	at symlab.posterApp.PosterActivity$4.onPreviewFrame(PosterActivity.java:258)
11-26 13:33:53.025 18896 18896 W MessageQueue: 	at android.hardware.Camera$EventHandler.handleMessage(Camera.java:1278)
11-26 13:33:53.025 18896 18896 W MessageQueue: 	at android.os.Handler.dispatchMessage(Handler.java:112)
11-26 13:33:53.025 18896 18896 W MessageQueue: 	at android.os.Looper.loop(Looper.java:216)
11-26 13:33:53.025 18896 18896 W MessageQueue: 	at android.app.ActivityThread.main(ActivityThread.java:7579)
11-26 13:33:53.025 18896 18896 W MessageQueue: 	at java.lang.reflect.Method.invoke(Native Method)
11-26 13:33:53.025 18896 18896 W MessageQueue: 	at com.android.internal.os.RuntimeInit$MethodAndArgsCaller.run(RuntimeInit.java:524)
11-26 13:33:53.025 18896 18896 W MessageQueue: 	at com.android.internal.os.ZygoteInit.main(ZygoteInit.java:1034)
11-26 13:33:53.053 18896 18896 W MessageQueue: Handler (android.os.Handler) {bd3a411} sending message to a Handler on a dead thread
11-26 13:33:53.053 18896 18896 W MessageQueue: java.lang.IllegalStateException: Handler (android.os.Handler) {bd3a411} sending message to a Handler on a dead thread
11-26 13:33:53.053 18896 18896 W MessageQueue: 	at android.os.MessageQueue.enqueueMessage(MessageQueue.java:650)
11-26 13:33:53.053 18896 18896 W MessageQueue: 	at android.os.Handler.enqueueMessage(Handler.java:769)
11-26 13:33:53.053 18896 18896 W MessageQueue: 	at android.os.Handler.sendMessageAtTime(Handler.java:718)
11-26 13:33:53.053 18896 18896 W MessageQueue: 	at android.os.Handler.sendMessageDelayed(Handler.java:688)
11-26 13:33:53.053 18896 18896 W MessageQueue: 	at android.os.Handler.post(Handler.java:405)
11-26 13:33:53.053 18896 18896 W MessageQueue: 	at symlab.CloudAR.manager.ARManager.driveFrame(ARManager.java:219)
11-26 13:33:53.053 18896 18896 W MessageQueue: 	at symlab.posterApp.PosterActivity$4.onPreviewFrame(PosterActivity.java:258)
11-26 13:33:53.053 18896 18896 W MessageQueue: 	at android.hardware.Camera$EventHandler.handleMessage(Camera.java:1278)
11-26 13:33:53.053 18896 18896 W MessageQueue: 	at android.os.Handler.dispatchMessage(Handler.java:112)
11-26 13:33:53.053 18896 18896 W MessageQueue: 	at android.os.Looper.loop(Looper.java:216)
11-26 13:33:53.053 18896 18896 W MessageQueue: 	at android.app.ActivityThread.main(ActivityThread.java:7579)
11-26 13:33:53.053 18896 18896 W MessageQueue: 	at java.lang.reflect.Method.invoke(Native Method)
11-26 13:33:53.053 18896 18896 W MessageQueue: 	at com.android.internal.os.RuntimeInit$MethodAndArgsCaller.run(RuntimeInit.java:524)
11-26 13:33:53.053 18896 18896 W MessageQueue: 	at com.android.internal.os.ZygoteInit.main(ZygoteInit.java:1034)
11-26 13:33:53.053 18896 18896 W MessageQueue: Handler (android.os.Handler) {31e9b77} sending message to a Handler on a dead thread
11-26 13:33:53.053 18896 18896 W MessageQueue: java.lang.IllegalStateException: Handler (android.os.Handler) {31e9b77} sending message to a Handler on a dead thread
11-26 13:33:53.053 18896 18896 W MessageQueue: 	at android.os.MessageQueue.enqueueMessage(MessageQueue.java:650)
11-26 13:33:53.053 18896 18896 W MessageQueue: 	at android.os.Handler.enqueueMessage(Handler.java:769)
11-26 13:33:53.053 18896 18896 W MessageQueue: 	at android.os.Handler.sendMessageAtTime(Handler.java:718)
11-26 13:33:53.053 18896 18896 W MessageQueue: 	at android.os.Handler.sendMessageDelayed(Handler.java:688)
11-26 13:33:53.053 18896 18896 W MessageQueue: 	at android.os.Handler.post(Handler.java:405)
11-26 13:33:53.053 18896 18896 W MessageQueue: 	at symlab.CloudAR.manager.ARManager.driveFrame(ARManager.java:221)
11-26 13:33:53.053 18896 18896 W MessageQueue: 	at symlab.posterApp.PosterActivity$4.onPreviewFrame(PosterActivity.java:258)
11-26 13:33:53.053 18896 18896 W MessageQueue: 	at android.hardware.Camera$EventHandler.handleMessage(Camera.java:1278)
11-26 13:33:53.053 18896 18896 W MessageQueue: 	at android.os.Handler.dispatchMessage(Handler.java:112)
11-26 13:33:53.053 18896 18896 W MessageQueue: 	at android.os.Looper.loop(Looper.java:216)
11-26 13:33:53.053 18896 18896 W MessageQueue: 	at android.app.ActivityThread.main(ActivityThread.java:7579)
11-26 13:33:53.053 18896 18896 W MessageQueue: 	at java.lang.reflect.Method.invoke(Native Method)
11-26 13:33:53.053 18896 18896 W MessageQueue: 	at com.android.internal.os.RuntimeInit$MethodAndArgsCaller.run(RuntimeInit.java:524)
11-26 13:33:53.053 18896 18896 W MessageQueue: 	at com.android.internal.os.ZygoteInit.main(ZygoteInit.java:1034)
11-26 13:33:53.093 18896 18896 W MessageQueue: Handler (android.os.Handler) {bd3a411} sending message to a Handler on a dead thread
11-26 13:33:53.093 18896 18896 W MessageQueue: java.lang.IllegalStateException: Handler (android.os.Handler) {bd3a411} sending message to a Handler on a dead thread
11-26 13:33:53.093 18896 18896 W MessageQueue: 	at android.os.MessageQueue.enqueueMessage(MessageQueue.java:650)
11-26 13:33:53.093 18896 18896 W MessageQueue: 	at android.os.Handler.enqueueMessage(Handler.java:769)
11-26 13:33:53.093 18896 18896 W MessageQueue: 	at android.os.Handler.sendMessageAtTime(Handler.java:718)
11-26 13:33:53.093 18896 18896 W MessageQueue: 	at android.os.Handler.sendMessageDelayed(Handler.java:688)
11-26 13:33:53.093 18896 18896 W MessageQueue: 	at android.os.Handler.post(Handler.java:405)
11-26 13:33:53.093 18896 18896 W MessageQueue: 	at symlab.CloudAR.manager.ARManager.driveFrame(ARManager.java:219)
11-26 13:33:53.093 18896 18896 W MessageQueue: 	at symlab.posterApp.PosterActivity$4.onPreviewFrame(PosterActivity.java:258)
11-26 13:33:53.093 18896 18896 W MessageQueue: 	at android.hardware.Camera$EventHandler.handleMessage(Camera.java:1278)
11-26 13:33:53.093 18896 18896 W MessageQueue: 	at android.os.Handler.dispatchMessage(Handler.java:112)
11-26 13:33:53.093 18896 18896 W MessageQueue: 	at android.os.Looper.loop(Looper.java:216)
11-26 13:33:53.093 18896 18896 W MessageQueue: 	at android.app.ActivityThread.main(ActivityThread.java:7579)
11-26 13:33:53.093 18896 18896 W MessageQueue: 	at java.lang.reflect.Method.invoke(Native Method)
11-26 13:33:53.093 18896 18896 W MessageQueue: 	at com.android.internal.os.RuntimeInit$MethodAndArgsCaller.run(RuntimeInit.java:524)
11-26 13:33:53.093 18896 18896 W MessageQueue: 	at com.android.internal.os.ZygoteInit.main(ZygoteInit.java:1034)
11-26 13:33:53.094 18896 18896 W MessageQueue: Handler (android.os.Handler) {31e9b77} sending message to a Handler on a dead thread
11-26 13:33:53.094 18896 18896 W MessageQueue: java.lang.IllegalStateException: Handler (android.os.Handler) {31e9b77} sending message to a Handler on a dead thread
11-26 13:33:53.094 18896 18896 W MessageQueue: 	at android.os.MessageQueue.enqueueMessage(MessageQueue.java:650)
11-26 13:33:53.094 18896 18896 W MessageQueue: 	at android.os.Handler.enqueueMessage(Handler.java:769)
11-26 13:33:53.094 18896 18896 W MessageQueue: 	at android.os.Handler.sendMessageAtTime(Handler.java:718)
11-26 13:33:53.094 18896 18896 W MessageQueue: 	at android.os.Handler.sendMessageDelayed(Handler.java:688)
11-26 13:33:53.094 18896 18896 W MessageQueue: 	at android.os.Handler.post(Handler.java:405)
11-26 13:33:53.094 18896 18896 W MessageQueue: 	at symlab.CloudAR.manager.ARManager.driveFrame(ARManager.java:221)
11-26 13:33:53.094 18896 18896 W MessageQueue: 	at symlab.posterApp.PosterActivity$4.onPreviewFrame(PosterActivity.java:258)
11-26 13:33:53.094 18896 18896 W MessageQueue: 	at android.hardware.Camera$EventHandler.handleMessage(Camera.java:1278)
11-26 13:33:53.094 18896 18896 W MessageQueue: 	at android.os.Handler.dispatchMessage(Handler.java:112)
11-26 13:33:53.094 18896 18896 W MessageQueue: 	at android.os.Looper.loop(Looper.java:216)
11-26 13:33:53.094 18896 18896 W MessageQueue: 	at android.app.ActivityThread.main(ActivityThread.java:7579)
11-26 13:33:53.094 18896 18896 W MessageQueue: 	at java.lang.reflect.Method.invoke(Native Method)
11-26 13:33:53.094 18896 18896 W MessageQueue: 	at com.android.internal.os.RuntimeInit$MethodAndArgsCaller.run(RuntimeInit.java:524)
11-26 13:33:53.094 18896 18896 W MessageQueue: 	at com.android.internal.os.ZygoteInit.main(ZygoteInit.java:1034)
11-26 13:33:53.121 18896 18896 W MessageQueue: Handler (android.os.Handler) {bd3a411} sending message to a Handler on a dead thread
11-26 13:33:53.121 18896 18896 W MessageQueue: java.lang.IllegalStateException: Handler (android.os.Handler) {bd3a411} sending message to a Handler on a dead thread
11-26 13:33:53.121 18896 18896 W MessageQueue: 	at android.os.MessageQueue.enqueueMessage(MessageQueue.java:650)
11-26 13:33:53.121 18896 18896 W MessageQueue: 	at android.os.Handler.enqueueMessage(Handler.java:769)
11-26 13:33:53.121 18896 18896 W MessageQueue: 	at android.os.Handler.sendMessageAtTime(Handler.java:718)
11-26 13:33:53.121 18896 18896 W MessageQueue: 	at android.os.Handler.sendMessageDelayed(Handler.java:688)
11-26 13:33:53.121 18896 18896 W MessageQueue: 	at android.os.Handler.post(Handler.java:405)
11-26 13:33:53.121 18896 18896 W MessageQueue: 	at symlab.CloudAR.manager.ARManager.driveFrame(ARManager.java:219)
11-26 13:33:53.121 18896 18896 W MessageQueue: 	at symlab.posterApp.PosterActivity$4.onPreviewFrame(PosterActivity.java:258)
11-26 13:33:53.121 18896 18896 W MessageQueue: 	at android.hardware.Camera$EventHandler.handleMessage(Camera.java:1278)
11-26 13:33:53.121 18896 18896 W MessageQueue: 	at android.os.Handler.dispatchMessage(Handler.java:112)
11-26 13:33:53.121 18896 18896 W MessageQueue: 	at android.os.Looper.loop(Looper.java:216)
11-26 13:33:53.121 18896 18896 W MessageQueue: 	at android.app.ActivityThread.main(ActivityThread.java:7579)
11-26 13:33:53.121 18896 18896 W MessageQueue: 	at java.lang.reflect.Method.invoke(Native Method)
11-26 13:33:53.121 18896 18896 W MessageQueue: 	at com.android.internal.os.RuntimeInit$MethodAndArgsCaller.run(RuntimeInit.java:524)
11-26 13:33:53.121 18896 18896 W MessageQueue: 	at com.android.internal.os.ZygoteInit.main(ZygoteInit.java:1034)
11-26 13:33:53.122 18896 18896 W MessageQueue: Handler (android.os.Handler) {31e9b77} sending message to a Handler on a dead thread
11-26 13:33:53.122 18896 18896 W MessageQueue: java.lang.IllegalStateException: Handler (android.os.Handler) {31e9b77} sending message to a Handler on a dead thread
11-26 13:33:53.122 18896 18896 W MessageQueue: 	at android.os.MessageQueue.enqueueMessage(MessageQueue.java:650)
11-26 13:33:53.122 18896 18896 W MessageQueue: 	at android.os.Handler.enqueueMessage(Handler.java:769)
11-26 13:33:53.122 18896 18896 W MessageQueue: 	at android.os.Handler.sendMessageAtTime(Handler.java:718)
11-26 13:33:53.122 18896 18896 W MessageQueue: 	at android.os.Handler.sendMessageDelayed(Handler.java:688)
11-26 13:33:53.122 18896 18896 W MessageQueue: 	at android.os.Handler.post(Handler.java:405)
11-26 13:33:53.122 18896 18896 W MessageQueue: 	at symlab.CloudAR.manager.ARManager.driveFrame(ARManager.java:221)
11-26 13:33:53.122 18896 18896 W MessageQueue: 	at symlab.posterApp.PosterActivity$4.onPreviewFrame(PosterActivity.java:258)
11-26 13:33:53.122 18896 18896 W MessageQueue: 	at android.hardware.Camera$EventHandler.handleMessage(Camera.java:1278)
11-26 13:33:53.122 18896 18896 W MessageQueue: 	at android.os.Handler.dispatchMessage(Handler.java:112)
11-26 13:33:53.122 18896 18896 W MessageQueue: 	at android.os.Looper.loop(Looper.java:216)
11-26 13:33:53.122 18896 18896 W MessageQueue: 	at android.app.ActivityThread.main(ActivityThread.java:7579)
11-26 13:33:53.122 18896 18896 W MessageQueue: 	at java.lang.reflect.Method.invoke(Native Method)
11-26 13:33:53.122 18896 18896 W MessageQueue: 	at com.android.internal.os.RuntimeInit$MethodAndArgsCaller.run(RuntimeInit.java:524)
11-26 13:33:53.122 18896 18896 W MessageQueue: 	at com.android.internal.os.ZygoteInit.main(ZygoteInit.java:1034)
11-26 13:33:53.157 18896 18896 W MessageQueue: Handler (android.os.Handler) {bd3a411} sending message to a Handler on a dead thread
11-26 13:33:53.157 18896 18896 W MessageQueue: java.lang.IllegalStateException: Handler (android.os.Handler) {bd3a411} sending message to a Handler on a dead thread
11-26 13:33:53.157 18896 18896 W MessageQueue: 	at android.os.MessageQueue.enqueueMessage(MessageQueue.java:650)
11-26 13:33:53.157 18896 18896 W MessageQueue: 	at android.os.Handler.enqueueMessage(Handler.java:769)
11-26 13:33:53.157 18896 18896 W MessageQueue: 	at android.os.Handler.sendMessageAtTime(Handler.java:718)
11-26 13:33:53.157 18896 18896 W MessageQueue: 	at android.os.Handler.sendMessageDelayed(Handler.java:688)
11-26 13:33:53.157 18896 18896 W MessageQueue: 	at android.os.Handler.post(Handler.java:405)
11-26 13:33:53.157 18896 18896 W MessageQueue: 	at symlab.CloudAR.manager.ARManager.driveFrame(ARManager.java:219)
11-26 13:33:53.157 18896 18896 W MessageQueue: 	at symlab.posterApp.PosterActivity$4.onPreviewFrame(PosterActivity.java:258)
11-26 13:33:53.157 18896 18896 W MessageQueue: 	at android.hardware.Camera$EventHandler.handleMessage(Camera.java:1278)
11-26 13:33:53.157 18896 18896 W MessageQueue: 	at android.os.Handler.dispatchMessage(Handler.java:112)
11-26 13:33:53.157 18896 18896 W MessageQueue: 	at android.os.Looper.loop(Looper.java:216)
11-26 13:33:53.157 18896 18896 W MessageQueue: 	at android.app.ActivityThread.main(ActivityThread.java:7579)
11-26 13:33:53.157 18896 18896 W MessageQueue: 	at java.lang.reflect.Method.invoke(Native Method)
11-26 13:33:53.157 18896 18896 W MessageQueue: 	at com.android.internal.os.RuntimeInit$MethodAndArgsCaller.run(RuntimeInit.java:524)
11-26 13:33:53.157 18896 18896 W MessageQueue: 	at com.android.internal.os.ZygoteInit.main(ZygoteInit.java:1034)
11-26 13:33:53.159 18896 18896 W MessageQueue: Handler (android.os.Handler) {31e9b77} sending message to a Handler on a dead thread
11-26 13:33:53.159 18896 18896 W MessageQueue: java.lang.IllegalStateException: Handler (android.os.Handler) {31e9b77} sending message to a Handler on a dead thread
11-26 13:33:53.159 18896 18896 W MessageQueue: 	at android.os.MessageQueue.enqueueMessage(MessageQueue.java:650)
11-26 13:33:53.159 18896 18896 W MessageQueue: 	at android.os.Handler.enqueueMessage(Handler.java:769)
11-26 13:33:53.159 18896 18896 W MessageQueue: 	at android.os.Handler.sendMessageAtTime(Handler.java:718)
11-26 13:33:53.159 18896 18896 W MessageQueue: 	at android.os.Handler.sendMessageDelayed(Handler.java:688)
11-26 13:33:53.159 18896 18896 W MessageQueue: 	at android.os.Handler.post(Handler.java:405)
11-26 13:33:53.159 18896 18896 W MessageQueue: 	at symlab.CloudAR.manager.ARManager.driveFrame(ARManager.java:221)
11-26 13:33:53.159 18896 18896 W MessageQueue: 	at symlab.posterApp.PosterActivity$4.onPreviewFrame(PosterActivity.java:258)
11-26 13:33:53.159 18896 18896 W MessageQueue: 	at android.hardware.Camera$EventHandler.handleMessage(Camera.java:1278)
11-26 13:33:53.159 18896 18896 W MessageQueue: 	at android.os.Handler.dispatchMessage(Handler.java:112)
11-26 13:33:53.159 18896 18896 W MessageQueue: 	at android.os.Looper.loop(Looper.java:216)
11-26 13:33:53.159 18896 18896 W MessageQueue: 	at android.app.ActivityThread.main(ActivityThread.java:7579)
