--------- beginning of system
11-26 12:23:35.525  9443  9443 D ActivityThread: Attach thread to application
11-26 12:23:35.647  9443  9443 V ActivityThread: callActivityOnCreate
11-26 12:23:35.692  9443  9443 D ActivityThread: add activity client record, r= ActivityRecord{4d8f3ee token=android.os.BinderProxy@442f816 {symlab.cloudridar.poster_edge/symlab.posterApp.PosterActivity}} token= android.os.BinderProxy@442f816
11-26 12:23:35.707  9443  9443 I PermissionManager: camera remind result:true
11-26 12:23:35.707  9443  9443 I BackgroundPermManager: pkgName: symlab.cloudridar.poster_edge,pid: 9443 ,uidOf3RdApk: 10148 ,permType: 0 ,permCfg: 1
11-26 12:23:35.719  9443  9443 D ActivityThread: isOptEnabled=false isWechatScanOpt=false
11-26 12:23:35.790  9443  9443 I PermissionManager: camera remind result:true
11-26 12:23:39.884  9443  9443 I BackgroundPermManager: pkgName: symlab.cloudridar.poster_edge,pid: 9443 ,uidOf3RdApk: 10148 ,permType: 0 ,permCfg: 0
11-26 12:23:40.905  9443  9443 D ActivityThread: Remove activity client record, r= ActivityRecord{4d8f3ee token=android.os.BinderProxy@442f816 {symlab.cloudridar.poster_edge/symlab.posterApp.PosterActivity}} token= android.os.BinderProxy@442f816
--------- beginning of main
11-26 13:31:03.303 17838 17863 E         : [ZeroHung]zrhung_get_config: Get config failed for wp[0x0102]
11-26 13:31:03.303 17838 17863 W ZrHung.AppEyeUiProbe: Failed to get config from zrhung
11-26 13:31:03.306 17861 17861 W logcat  : type=1400 audit(0.0:6946): avc: granted { create } for name="logcat_1574767863296.txt" scontext=u:r:untrusted_app_27:s0:c512,c768 tcontext=u:object_r:sdcardfs:s0:c512,c768 tclass=file
11-26 13:31:03.314 17838 17838 V ActivityThread: callActivityOnCreate
11-26 13:31:03.314 17838 17838 I Poster  :  onCreate() called.
11-26 13:31:03.317 17838 17838 I HwApsImpl: APS: new HwApsImpl created
11-26 13:31:03.323 17838 17838 V HwWidgetFactory: : successes to get AllImpl object and return....
11-26 13:31:03.330 17838 17838 D OpenGLRenderer: Skia GL Pipeline
11-26 13:31:03.334 17838 17838 I Rajawali: Rajawali | Bombshell | v1.1 Development 
11-26 13:31:03.334 17838 17838 I Rajawali: THIS IS A DEV BRANCH CONTAINING SIGNIFICANT CHANGES. PLEASE REFER TO CHANGELOG.md FOR MORE INFORMATION.
11-26 13:31:03.339 17838 17838 I ConfigStore: android::hardware::configstore::V1_0::ISurfaceFlingerConfigs::hasWideColorDisplay retrieved: 0
11-26 13:31:03.339 17838 17838 I ConfigStore: android::hardware::configstore::V1_0::ISurfaceFlingerConfigs::hasHDRDisplay retrieved: 0
11-26 13:31:03.340 17838 17838 I iGraphics: [0020080c] pn: symlab.cloudridar.poster_edge, p: 17838
11-26 13:31:03.353 17838 17838 D ActivityThread: add activity client record, r= ActivityRecord{4d8f3ee token=android.os.BinderProxy@442f816 {symlab.cloudridar.poster_edge/symlab.posterApp.PosterActivity}} token= android.os.BinderProxy@442f816
11-26 13:31:03.355 17838 17838 I Poster  :  onStart() called.
11-26 13:31:03.356 17838 17838 D ZrHung.AppEyeUiProbe: notify runnable to start.
11-26 13:31:03.356 17838 17838 I Poster  :  onResume() called.
11-26 13:31:03.361 17838 17838 I PermissionManager: camera remind result:true
11-26 13:31:03.361 17838 17838 I Camera  : open camera: 0, package name: symlab.cloudridar.poster_edge
11-26 13:31:03.361 17838 17838 I BackgroundPermManager: pkgName: symlab.cloudridar.poster_edge,pid: 17838 ,uidOf3RdApk: 10148 ,permType: 0 ,permCfg: 1
11-26 13:31:03.362 17838 17838 I HwCameraUtil: notifySurfaceFlingerCameraStatus : isFront = false , isOpend = true
11-26 13:31:03.371 17838 17838 D ActivityThread: isOptEnabled=false isWechatScanOpt=false
11-26 13:31:03.374 17838 17838 I HwSecImmHelper: mSecurityInputMethodService is null
11-26 13:31:03.383 17838 17838 D OpenGLRenderer:   HWUI Binary is  enabled
11-26 13:31:03.385 17838 17883 D Poster  : UDP connection
11-26 13:31:03.386 17838 17838 I ViewRootImpl[PosterActivity]: view add KeepScreenOnFlag
11-26 13:31:03.397 17838 17901 D HiTouch_PressGestureDetector: onAttached, package=symlab.cloudridar.poster_edge, windowType=1, mHiTouchRestricted=false
11-26 13:31:03.405 17838 17900 I ConfigStore: android::hardware::configstore::V1_0::ISurfaceFlingerConfigs::hasWideColorDisplay retrieved: 0
11-26 13:31:03.405 17838 17900 I ConfigStore: android::hardware::configstore::V1_0::ISurfaceFlingerConfigs::hasHDRDisplay retrieved: 0
11-26 13:31:03.405 17838 17900 I OpenGLRenderer: Initialized EGL, version 1.4, mEglDisplay 0x1
11-26 13:31:03.405 17838 17900 D OpenGLRenderer: Swap behavior 2
11-26 13:31:03.410 17838 17838 I Poster  :  surfaceCreated() called.
11-26 13:31:03.414 17838 17900 D mali_winsys: EGLint new_window_surface(egl_winsys_display *, void *, EGLSurface, EGLConfig, egl_winsys_surface **, EGLBoolean) returns 0x3000
11-26 13:31:03.414 17838 17838 I PermissionManager: camera remind result:true
11-26 13:31:03.418 17838 17838 I Poster  :  surfaceChanged() called.
11-26 13:31:03.428 17838 17880 D mali_winsys: EGLint new_window_surface(egl_winsys_display *, void *, EGLSurface, EGLConfig, egl_winsys_surface **, EGLBoolean) returns 0x3000
11-26 13:31:03.451 17838 17838 W InputMethodManager: startInputReason = 1
11-26 13:31:03.454 17838 17838 W InputMethodManager: startInputReason = 5
11-26 13:31:04.618 17838 17838 D stylus  : init stylus touchlistener.
11-26 13:31:04.620 17838 17838 W Settings: Setting device_provisioned has moved from android.provider.Settings.Secure to android.provider.Settings.Global.
11-26 13:31:04.621 17838 17838 V HiTouch_HiTouchSensor: User setup is finished.
11-26 13:31:04.634 17838 17880 V Poster  : No object picked!
11-26 13:31:04.673 17838 17883 D Evaluation: get gray scaled frame data at 1574767864672
11-26 13:31:04.683 17838 17883 D Evaluation: frame 29 sent with size 18930 at 1574767864683
11-26 13:31:04.981 17838 17883 W System.err: java.net.NoRouteToHostException: No route to host
11-26 13:31:04.981 17838 17883 W System.err: 	at sun.nio.ch.DatagramChannelImpl.receive0(Native Method)
11-26 13:31:04.981 17838 17883 W System.err: 	at sun.nio.ch.DatagramChannelImpl.receiveIntoNativeBuffer(DatagramChannelImpl.java:464)
11-26 13:31:04.981 17838 17883 W System.err: 	at sun.nio.ch.DatagramChannelImpl.receive(DatagramChannelImpl.java:450)
11-26 13:31:04.982 17838 17883 W System.err: 	at sun.nio.ch.DatagramChannelImpl.receive(DatagramChannelImpl.java:393)
11-26 13:31:04.982 17838 17883 W System.err: 	at symlab.CloudAR.network.UDPReceivingTask.run(UDPReceivingTask.java:71)
11-26 13:31:04.982 17838 17883 W System.err: 	at android.os.Handler.handleCallback(Handler.java:907)
11-26 13:31:04.982 17838 17883 W System.err: 	at android.os.Handler.dispatchMessage(Handler.java:105)
11-26 13:31:04.982 17838 17883 W System.err: 	at android.os.Looper.loop(Looper.java:216)
11-26 13:31:04.982 17838 17883 W System.err: 	at android.os.HandlerThread.run(HandlerThread.java:65)
11-26 13:31:06.620 17838 17838 W HiTouch_PressGestureDetector: Touch pointer move a lot. The moving distance of X is:74.81421, limit is:60The moving distance of Y is:51.988495, limit is:60
11-26 13:31:06.624 17838 17880 V Poster  : No object picked!
11-26 13:31:06.668 17838 17883 D Evaluation: get gray scaled frame data at 1574767866668
11-26 13:31:06.674 17838 17850 E         : [ZeroHung]zrhung_get_config: Get config failed for wp[0x0008]
11-26 13:31:06.676 17838 17883 D Evaluation: frame 88 sent with size 19376 at 1574767866676
11-26 13:31:06.702 17838 17848 W System  : A resource failed to call close. 
11-26 13:31:06.711 17838 17848 W System  : A resource failed to call close. 
11-26 13:31:06.984 17838 17883 W System.err: java.net.NoRouteToHostException: No route to host
11-26 13:31:06.984 17838 17883 W System.err: 	at sun.nio.ch.DatagramChannelImpl.receive0(Native Method)
11-26 13:31:06.984 17838 17883 W System.err: 	at sun.nio.ch.DatagramChannelImpl.receiveIntoNativeBuffer(DatagramChannelImpl.java:464)
11-26 13:31:06.984 17838 17883 W System.err: 	at sun.nio.ch.DatagramChannelImpl.receive(DatagramChannelImpl.java:450)
11-26 13:31:06.984 17838 17883 W System.err: 	at sun.nio.ch.DatagramChannelImpl.receive(DatagramChannelImpl.java:393)
11-26 13:31:06.984 17838 17883 W System.err: 	at symlab.CloudAR.network.UDPReceivingTask.run(UDPReceivingTask.java:71)
11-26 13:31:06.985 17838 17883 W System.err: 	at android.os.Handler.handleCallback(Handler.java:907)
11-26 13:31:06.985 17838 17883 W System.err: 	at android.os.Handler.dispatchMessage(Handler.java:105)
11-26 13:31:06.985 17838 17883 W System.err: 	at android.os.Looper.loop(Looper.java:216)
11-26 13:31:06.985 17838 17883 W System.err: 	at android.os.HandlerThread.run(HandlerThread.java:65)
11-26 13:31:07.203 17838 17838 I Poster  :  onPause() called.
11-26 13:31:07.311 17838 17838 I Camera  : close camera: 0, package name: symlab.cloudridar.poster_edge
11-26 13:31:07.311 17838 17838 I BackgroundPermManager: pkgName: symlab.cloudridar.poster_edge,pid: 17838 ,uidOf3RdApk: 10148 ,permType: 0 ,permCfg: 0
11-26 13:31:07.313 17838 17838 I HwCameraUtil: notifySurfaceFlingerCameraStatus : isFront = false , isOpend = false
11-26 13:31:07.401 17838 17838 D ZrHung.AppEyeUiProbe: stop checker.
11-26 13:31:07.451 17838 17838 I Poster  :  surfaceDestroyed() called.
11-26 13:31:07.472 17838 17880 W libEGL  : EGLNativeWindowType 0xc2b97808 disconnect failed
11-26 13:31:07.472 17838 17838 D ViewRootImpl[PosterActivity]: surface should not be released
11-26 13:31:07.475 17838 17838 I Poster  :  onStop() called.
11-26 13:31:07.488 17838 17900 W libEGL  : EGLNativeWindowType 0xd16ec808 disconnect failed
11-26 13:31:07.488 17838 17838 I ViewRootImpl[PosterActivity]: view add KeepScreenOnFlag
11-26 13:31:08.295 17838 17838 I AwareBitmapCacher: init lrucache size: 2097152 pid=17838
11-26 13:31:08.305 17838 17863 D ZrHung.AppEyeUiProbe: Current Activity:false
11-26 13:31:08.305 17838 17863 D ZrHung.AppEyeUiProbe: not watching, wait.
11-26 13:31:12.440 17838 17850 E         : [ZeroHung]zrhung_get_config: Get config failed for wp[0x0008]
11-26 13:31:29.391 17838 17838 I PermissionManager: camera remind result:true
11-26 13:31:29.391 17838 17838 I BackgroundPermManager: pkgName: symlab.cloudridar.poster_edge,pid: 17838 ,uidOf3RdApk: 10148 ,permType: 0 ,permCfg: 1
11-26 13:31:29.392 17838 17838 I HwCameraUtil: notifySurfaceFlingerCameraStatus : isFront = false , isOpend = true
11-26 13:31:29.407 17838 17838 D ActivityThread: isOptEnabled=false isWechatScanOpt=false
11-26 13:31:29.416 17838 17838 E libEGL  : call to OpenGL ES API with no current context (logged once per thread)
11-26 13:31:29.448 17838 17900 D mali_winsys: EGLint new_window_surface(egl_winsys_display *, void *, EGLSurface, EGLConfig, egl_winsys_surface **, EGLBoolean) returns 0x3000
11-26 13:31:29.456 17838 17838 I Poster  :  surfaceCreated() called.
11-26 13:31:29.458 17838 17838 I PermissionManager: camera remind result:true
11-26 13:31:29.463 17838 17838 I Poster  :  surfaceChanged() called.
11-26 13:31:29.463 17838 17838 E BpSurfaceComposerClient: Failed to transact (-1)
11-26 13:31:29.463 17838 17838 E BpSurfaceComposerClient: Failed to transact (-1)
11-26 13:31:29.474 17838 17880 D mali_winsys: EGLint new_window_surface(egl_winsys_display *, void *, EGLSurface, EGLConfig, egl_winsys_surface **, EGLBoolean) returns 0x3000
11-26 13:31:29.488 17838 17880 W libEGL  : EGLNativeWindowType 0xc2b97008 disconnect failed
11-26 13:31:29.488 17838 17880 D mali_winsys: EGLint new_window_surface(egl_winsys_display *, void *, EGLSurface, EGLConfig, egl_winsys_surface **, EGLBoolean) returns 0x3000
11-26 13:31:29.494 17838 17838 W InputMethodManager: startInputReason = 1
11-26 13:31:29.502 17838 17880 E BpSurfaceComposerClient: Failed to transact (-1)
11-26 13:31:29.502 17838 17880 E BpSurfaceComposerClient: Failed to transact (-1)
11-26 13:31:29.504 17838 17900 W libEGL  : EGLNativeWindowType 0xd16ec808 disconnect failed
11-26 13:31:29.504 17838 17900 D mali_winsys: EGLint new_window_surface(egl_winsys_display *, void *, EGLSurface, EGLConfig, egl_winsys_surface **, EGLBoolean) returns 0x3000
11-26 13:31:29.744 17838 17838 W MessageQueue: Handler (android.os.Handler) {cdbfc38} sending message to a Handler on a dead thread
11-26 13:31:29.744 17838 17838 W MessageQueue: java.lang.IllegalStateException: Handler (android.os.Handler) {cdbfc38} sending message to a Handler on a dead thread
11-26 13:31:29.744 17838 17838 W MessageQueue: 	at android.os.MessageQueue.enqueueMessage(MessageQueue.java:650)
11-26 13:31:29.744 17838 17838 W MessageQueue: 	at android.os.Handler.enqueueMessage(Handler.java:769)
11-26 13:31:29.744 17838 17838 W MessageQueue: 	at android.os.Handler.sendMessageAtTime(Handler.java:718)
11-26 13:31:29.744 17838 17838 W MessageQueue: 	at android.os.Handler.sendMessageDelayed(Handler.java:688)
11-26 13:31:29.744 17838 17838 W MessageQueue: 	at android.os.Handler.post(Handler.java:405)
11-26 13:31:29.744 17838 17838 W MessageQueue: 	at symlab.CloudAR.manager.ARManager.driveFrame(ARManager.java:219)
11-26 13:31:29.744 17838 17838 W MessageQueue: 	at symlab.posterApp.PosterActivity$4.onPreviewFrame(PosterActivity.java:258)
11-26 13:31:29.744 17838 17838 W MessageQueue: 	at android.hardware.Camera$EventHandler.handleMessage(Camera.java:1278)
11-26 13:31:29.744 17838 17838 W MessageQueue: 	at android.os.Handler.dispatchMessage(Handler.java:112)
11-26 13:31:29.744 17838 17838 W MessageQueue: 	at android.os.Looper.loop(Looper.java:216)
11-26 13:31:29.744 17838 17838 W MessageQueue: 	at android.app.ActivityThread.main(ActivityThread.java:7579)
11-26 13:31:29.744 17838 17838 W MessageQueue: 	at java.lang.reflect.Method.invoke(Native Method)
11-26 13:31:29.744 17838 17838 W MessageQueue: 	at com.android.internal.os.RuntimeInit$MethodAndArgsCaller.run(RuntimeInit.java:524)
11-26 13:31:29.744 17838 17838 W MessageQueue: 	at com.android.internal.os.ZygoteInit.main(ZygoteInit.java:1034)
11-26 13:31:29.745 17838 17838 W MessageQueue: Handler (android.os.Handler) {b403976} sending message to a Handler on a dead thread
11-26 13:31:29.745 17838 17838 W MessageQueue: java.lang.IllegalStateException: Handler (android.os.Handler) {b403976} sending message to a Handler on a dead thread
11-26 13:31:29.745 17838 17838 W MessageQueue: 	at android.os.MessageQueue.enqueueMessage(MessageQueue.java:650)
11-26 13:31:29.745 17838 17838 W MessageQueue: 	at android.os.Handler.enqueueMessage(Handler.java:769)
11-26 13:31:29.745 17838 17838 W MessageQueue: 	at android.os.Handler.sendMessageAtTime(Handler.java:718)
11-26 13:31:29.745 17838 17838 W MessageQueue: 	at android.os.Handler.sendMessageDelayed(Handler.java:688)
11-26 13:31:29.745 17838 17838 W MessageQueue: 	at android.os.Handler.post(Handler.java:405)
11-26 13:31:29.745 17838 17838 W MessageQueue: 	at symlab.CloudAR.manager.ARManager.driveFrame(ARManager.java:221)
11-26 13:31:29.745 17838 17838 W MessageQueue: 	at symlab.posterApp.PosterActivity$4.onPreviewFrame(PosterActivity.java:258)
11-26 13:31:29.745 17838 17838 W MessageQueue: 	at android.hardware.Camera$EventHandler.handleMessage(Camera.java:1278)
11-26 13:31:29.745 17838 17838 W MessageQueue: 	at android.os.Handler.dispatchMessage(Handler.java:112)
11-26 13:31:29.745 17838 17838 W MessageQueue: 	at android.os.Looper.loop(Looper.java:216)
11-26 13:31:29.745 17838 17838 W MessageQueue: 	at android.app.ActivityThread.main(ActivityThread.java:7579)
11-26 13:31:29.745 17838 17838 W MessageQueue: 	at java.lang.reflect.Method.invoke(Native Method)
11-26 13:31:29.745 17838 17838 W MessageQueue: 	at com.android.internal.os.RuntimeInit$MethodAndArgsCaller.run(RuntimeInit.java:524)
11-26 13:31:29.745 17838 17838 W MessageQueue: 	at com.android.internal.os.ZygoteInit.main(ZygoteInit.java:1034)
11-26 13:31:29.778 17838 17838 W MessageQueue: Handler (android.os.Handler) {cdbfc38} sending message to a Handler on a dead thread
11-26 13:31:29.778 17838 17838 W MessageQueue: java.lang.IllegalStateException: Handler (android.os.Handler) {cdbfc38} sending message to a Handler on a dead thread
11-26 13:31:29.778 17838 17838 W MessageQueue: 	at android.os.MessageQueue.enqueueMessage(MessageQueue.java:650)
11-26 13:31:29.778 17838 17838 W MessageQueue: 	at android.os.Handler.enqueueMessage(Handler.java:769)
11-26 13:31:29.778 17838 17838 W MessageQueue: 	at android.os.Handler.sendMessageAtTime(Handler.java:718)
11-26 13:31:29.778 17838 17838 W MessageQueue: 	at android.os.Handler.sendMessageDelayed(Handler.java:688)
11-26 13:31:29.778 17838 17838 W MessageQueue: 	at android.os.Handler.post(Handler.java:405)
11-26 13:31:29.778 17838 17838 W MessageQueue: 	at symlab.CloudAR.manager.ARManager.driveFrame(ARManager.java:219)
11-26 13:31:29.778 17838 17838 W MessageQueue: 	at symlab.posterApp.PosterActivity$4.onPreviewFrame(PosterActivity.java:258)
11-26 13:31:29.778 17838 17838 W MessageQueue: 	at android.hardware.Camera$EventHandler.handleMessage(Camera.java:1278)
11-26 13:31:29.778 17838 17838 W MessageQueue: 	at android.os.Handler.dispatchMessage(Handler.java:112)
11-26 13:31:29.778 17838 17838 W MessageQueue: 	at android.os.Looper.loop(Looper.java:216)
11-26 13:31:29.778 17838 17838 W MessageQueue: 	at android.app.ActivityThread.main(ActivityThread.java:7579)
11-26 13:31:29.778 17838 17838 W MessageQueue: 	at java.lang.reflect.Method.invoke(Native Method)
11-26 13:31:29.778 17838 17838 W MessageQueue: 	at com.android.internal.os.RuntimeInit$MethodAndArgsCaller.run(RuntimeInit.java:524)
11-26 13:31:29.778 17838 17838 W MessageQueue: 	at com.android.internal.os.ZygoteInit.main(ZygoteInit.java:1034)
11-26 13:31:29.779 17838 17838 W MessageQueue: Handler (android.os.Handler) {b403976} sending message to a Handler on a dead thread
11-26 13:31:29.779 17838 17838 W MessageQueue: java.lang.IllegalStateException: Handler (android.os.Handler) {b403976} sending message to a Handler on a dead thread
11-26 13:31:29.779 17838 17838 W MessageQueue: 	at android.os.MessageQueue.enqueueMessage(MessageQueue.java:650)
11-26 13:31:29.779 17838 17838 W MessageQueue: 	at android.os.Handler.enqueueMessage(Handler.java:769)
11-26 13:31:29.779 17838 17838 W MessageQueue: 	at android.os.Handler.sendMessageAtTime(Handler.java:718)
11-26 13:31:29.779 17838 17838 W MessageQueue: 	at android.os.Handler.sendMessageDelayed(Handler.java:688)
11-26 13:31:29.779 17838 17838 W MessageQueue: 	at android.os.Handler.post(Handler.java:405)
11-26 13:31:29.779 17838 17838 W MessageQueue: 	at symlab.CloudAR.manager.ARManager.driveFrame(ARManager.java:221)
11-26 13:31:29.779 17838 17838 W MessageQueue: 	at symlab.posterApp.PosterActivity$4.onPreviewFrame(PosterActivity.java:258)
11-26 13:31:29.779 17838 17838 W MessageQueue: 	at android.hardware.Camera$EventHandler.handleMessage(Camera.java:1278)
11-26 13:31:29.779 17838 17838 W MessageQueue: 	at android.os.Handler.dispatchMessage(Handler.java:112)
11-26 13:31:29.779 17838 17838 W MessageQueue: 	at android.os.Looper.loop(Looper.java:216)
11-26 13:31:29.779 17838 17838 W MessageQueue: 	at android.app.ActivityThread.main(ActivityThread.java:7579)
11-26 13:31:29.779 17838 17838 W MessageQueue: 	at java.lang.reflect.Method.invoke(Native Method)
11-26 13:31:29.779 17838 17838 W MessageQueue: 	at com.android.internal.os.RuntimeInit$MethodAndArgsCaller.run(RuntimeInit.java:524)
11-26 13:31:29.779 17838 17838 W MessageQueue: 	at com.android.internal.os.ZygoteInit.main(ZygoteInit.java:1034)
11-26 13:31:29.818 17838 17838 W MessageQueue: Handler (android.os.Handler) {cdbfc38} sending message to a Handler on a dead thread
11-26 13:31:29.818 17838 17838 W MessageQueue: java.lang.IllegalStateException: Handler (android.os.Handler) {cdbfc38} sending message to a Handler on a dead thread
11-26 13:31:29.818 17838 17838 W MessageQueue: 	at android.os.MessageQueue.enqueueMessage(MessageQueue.java:650)
11-26 13:31:29.818 17838 17838 W MessageQueue: 	at android.os.Handler.enqueueMessage(Handler.java:769)
11-26 13:31:29.818 17838 17838 W MessageQueue: 	at android.os.Handler.sendMessageAtTime(Handler.java:718)
11-26 13:31:29.818 17838 17838 W MessageQueue: 	at android.os.Handler.sendMessageDelayed(Handler.java:688)
11-26 13:31:29.818 17838 17838 W MessageQueue: 	at android.os.Handler.post(Handler.java:405)
11-26 13:31:29.818 17838 17838 W MessageQueue: 	at symlab.CloudAR.manager.ARManager.driveFrame(ARManager.java:219)
11-26 13:31:29.818 17838 17838 W MessageQueue: 	at symlab.posterApp.PosterActivity$4.onPreviewFrame(PosterActivity.java:258)
11-26 13:31:29.818 17838 17838 W MessageQueue: 	at android.hardware.Camera$EventHandler.handleMessage(Camera.java:1278)
11-26 13:31:29.818 17838 17838 W MessageQueue: 	at android.os.Handler.dispatchMessage(Handler.java:112)
11-26 13:31:29.818 17838 17838 W MessageQueue: 	at android.os.Looper.loop(Looper.java:216)
11-26 13:31:29.818 17838 17838 W MessageQueue: 	at android.app.ActivityThread.main(ActivityThread.java:7579)
11-26 13:31:29.818 17838 17838 W MessageQueue: 	at java.lang.reflect.Method.invoke(Native Method)
11-26 13:31:29.818 17838 17838 W MessageQueue: 	at com.android.internal.os.RuntimeInit$MethodAndArgsCaller.run(RuntimeInit.java:524)
11-26 13:31:29.818 17838 17838 W MessageQueue: 	at com.android.internal.os.ZygoteInit.main(ZygoteInit.java:1034)
11-26 13:31:29.819 17838 17838 W MessageQueue: Handler (android.os.Handler) {b403976} sending message to a Handler on a dead thread
11-26 13:31:29.819 17838 17838 W MessageQueue: java.lang.IllegalStateException: Handler (android.os.Handler) {b403976} sending message to a Handler on a dead thread
11-26 13:31:29.819 17838 17838 W MessageQueue: 	at android.os.MessageQueue.enqueueMessage(MessageQueue.java:650)
11-26 13:31:29.819 17838 17838 W MessageQueue: 	at android.os.Handler.enqueueMessage(Handler.java:769)
11-26 13:31:29.819 17838 17838 W MessageQueue: 	at android.os.Handler.sendMessageAtTime(Handler.java:718)
11-26 13:31:29.819 17838 17838 W MessageQueue: 	at android.os.Handler.sendMessageDelayed(Handler.java:688)
11-26 13:31:29.819 17838 17838 W MessageQueue: 	at android.os.Handler.post(Handler.java:405)
11-26 13:31:29.819 17838 17838 W MessageQueue: 	at symlab.CloudAR.manager.ARManager.driveFrame(ARManager.java:221)
11-26 13:31:29.819 17838 17838 W MessageQueue: 	at symlab.posterApp.PosterActivity$4.onPreviewFrame(PosterActivity.java:258)
11-26 13:31:29.819 17838 17838 W MessageQueue: 	at android.hardware.Camera$EventHandler.handleMessage(Camera.java:1278)
11-26 13:31:29.819 17838 17838 W MessageQueue: 	at android.os.Handler.dispatchMessage(Handler.java:112)
11-26 13:31:29.819 17838 17838 W MessageQueue: 	at android.os.Looper.loop(Looper.java:216)
11-26 13:31:29.819 17838 17838 W MessageQueue: 	at android.app.ActivityThread.main(ActivityThread.java:7579)
11-26 13:31:29.819 17838 17838 W MessageQueue: 	at java.lang.reflect.Method.invoke(Native Method)
11-26 13:31:29.819 17838 17838 W MessageQueue: 	at com.android.internal.os.RuntimeInit$MethodAndArgsCaller.run(RuntimeInit.java:524)
11-26 13:31:29.819 17838 17838 W MessageQueue: 	at com.android.internal.os.ZygoteInit.main(ZygoteInit.java:1034)
11-26 13:31:29.852 17838 17838 W MessageQueue: Handler (android.os.Handler) {cdbfc38} sending message to a Handler on a dead thread
11-26 13:31:29.852 17838 17838 W MessageQueue: java.lang.IllegalStateException: Handler (android.os.Handler) {cdbfc38} sending message to a Handler on a dead thread
11-26 13:31:29.852 17838 17838 W MessageQueue: 	at android.os.MessageQueue.enqueueMessage(MessageQueue.java:650)
11-26 13:31:29.852 17838 17838 W MessageQueue: 	at android.os.Handler.enqueueMessage(Handler.java:769)
11-26 13:31:29.852 17838 17838 W MessageQueue: 	at android.os.Handler.sendMessageAtTime(Handler.java:718)
11-26 13:31:29.852 17838 17838 W MessageQueue: 	at android.os.Handler.sendMessageDelayed(Handler.java:688)
11-26 13:31:29.852 17838 17838 W MessageQueue: 	at android.os.Handler.post(Handler.java:405)
11-26 13:31:29.852 17838 17838 W MessageQueue: 	at symlab.CloudAR.manager.ARManager.driveFrame(ARManager.java:219)
11-26 13:31:29.852 17838 17838 W MessageQueue: 	at symlab.posterApp.PosterActivity$4.onPreviewFrame(PosterActivity.java:258)
11-26 13:31:29.852 17838 17838 W MessageQueue: 	at android.hardware.Camera$EventHandler.handleMessage(Camera.java:1278)
11-26 13:31:29.852 17838 17838 W MessageQueue: 	at android.os.Handler.dispatchMessage(Handler.java:112)
11-26 13:31:29.852 17838 17838 W MessageQueue: 	at android.os.Looper.loop(Looper.java:216)
11-26 13:31:29.852 17838 17838 W MessageQueue: 	at android.app.ActivityThread.main(ActivityThread.java:7579)
11-26 13:31:29.852 17838 17838 W MessageQueue: 	at java.lang.reflect.Method.invoke(Native Method)
11-26 13:31:29.852 17838 17838 W MessageQueue: 	at com.android.internal.os.RuntimeInit$MethodAndArgsCaller.run(RuntimeInit.java:524)
11-26 13:31:29.852 17838 17838 W MessageQueue: 	at com.android.internal.os.ZygoteInit.main(ZygoteInit.java:1034)
11-26 13:31:29.853 17838 17838 W MessageQueue: Handler (android.os.Handler) {b403976} sending message to a Handler on a dead thread
11-26 13:31:29.853 17838 17838 W MessageQueue: java.lang.IllegalStateException: Handler (android.os.Handler) {b403976} sending message to a Handler on a dead thread
11-26 13:31:29.853 17838 17838 W MessageQueue: 	at android.os.MessageQueue.enqueueMessage(MessageQueue.java:650)
11-26 13:31:29.853 17838 17838 W MessageQueue: 	at android.os.Handler.enqueueMessage(Handler.java:769)
11-26 13:31:29.853 17838 17838 W MessageQueue: 	at android.os.Handler.sendMessageAtTime(Handler.java:718)
11-26 13:31:29.853 17838 17838 W MessageQueue: 	at android.os.Handler.sendMessageDelayed(Handler.java:688)
11-26 13:31:29.853 17838 17838 W MessageQueue: 	at android.os.Handler.post(Handler.java:405)
11-26 13:31:29.853 17838 17838 W MessageQueue: 	at symlab.CloudAR.manager.ARManager.driveFrame(ARManager.java:221)
11-26 13:31:29.853 17838 17838 W MessageQueue: 	at symlab.posterApp.PosterActivity$4.onPreviewFrame(PosterActivity.java:258)
11-26 13:31:29.853 17838 17838 W MessageQueue: 	at android.hardware.Camera$EventHandler.handleMessage(Camera.java:1278)
11-26 13:31:29.853 17838 17838 W MessageQueue: 	at android.os.Handler.dispatchMessage(Handler.java:112)
11-26 13:31:29.853 17838 17838 W MessageQueue: 	at android.os.Looper.loop(Looper.java:216)
11-26 13:31:29.853 17838 17838 W MessageQueue: 	at android.app.ActivityThread.main(ActivityThread.java:7579)
11-26 13:31:29.853 17838 17838 W MessageQueue: 	at java.lang.reflect.Method.invoke(Native Method)
11-26 13:31:29.853 17838 17838 W MessageQueue: 	at com.android.internal.os.RuntimeInit$MethodAndArgsCaller.run(RuntimeInit.java:524)
11-26 13:31:29.853 17838 17838 W MessageQueue: 	at com.android.internal.os.ZygoteInit.main(ZygoteInit.java:1034)
11-26 13:31:29.888 17838 17838 W MessageQueue: Handler (android.os.Handler) {cdbfc38} sending message to a Handler on a dead thread
11-26 13:31:29.888 17838 17838 W MessageQueue: java.lang.IllegalStateException: Handler (android.os.Handler) {cdbfc38} sending message to a Handler on a dead thread
11-26 13:31:29.888 17838 17838 W MessageQueue: 	at android.os.MessageQueue.enqueueMessage(MessageQueue.java:650)
11-26 13:31:29.888 17838 17838 W MessageQueue: 	at android.os.Handler.enqueueMessage(Handler.java:769)
11-26 13:31:29.888 17838 17838 W MessageQueue: 	at android.os.Handler.sendMessageAtTime(Handler.java:718)
11-26 13:31:29.888 17838 17838 W MessageQueue: 	at android.os.Handler.sendMessageDelayed(Handler.java:688)
11-26 13:31:29.888 17838 17838 W MessageQueue: 	at android.os.Handler.post(Handler.java:405)
11-26 13:31:29.888 17838 17838 W MessageQueue: 	at symlab.CloudAR.manager.ARManager.driveFrame(ARManager.java:219)
11-26 13:31:29.888 17838 17838 W MessageQueue: 	at symlab.posterApp.PosterActivity$4.onPreviewFrame(PosterActivity.java:258)
11-26 13:31:29.888 17838 17838 W MessageQueue: 	at android.hardware.Camera$EventHandler.handleMessage(Camera.java:1278)
11-26 13:31:29.888 17838 17838 W MessageQueue: 	at android.os.Handler.dispatchMessage(Handler.java:112)
11-26 13:31:29.888 17838 17838 W MessageQueue: 	at android.os.Looper.loop(Looper.java:216)
11-26 13:31:29.888 17838 17838 W MessageQueue: 	at android.app.ActivityThread.main(ActivityThread.java:7579)
11-26 13:31:29.888 17838 17838 W MessageQueue: 	at java.lang.reflect.Method.invoke(Native Method)
11-26 13:31:29.888 17838 17838 W MessageQueue: 	at com.android.internal.os.RuntimeInit$MethodAndArgsCaller.run(RuntimeInit.java:524)
11-26 13:31:29.888 17838 17838 W MessageQueue: 	at com.android.internal.os.ZygoteInit.main(ZygoteInit.java:1034)
11-26 13:31:29.889 17838 17838 W MessageQueue: Handler (android.os.Handler) {b403976} sending message to a Handler on a dead thread
11-26 13:31:29.889 17838 17838 W MessageQueue: java.lang.IllegalStateException: Handler (android.os.Handler) {b403976} sending message to a Handler on a dead thread
11-26 13:31:29.889 17838 17838 W MessageQueue: 	at android.os.MessageQueue.enqueueMessage(MessageQueue.java:650)
11-26 13:31:29.889 17838 17838 W MessageQueue: 	at android.os.Handler.enqueueMessage(Handler.java:769)
11-26 13:31:29.889 17838 17838 W MessageQueue: 	at android.os.Handler.sendMessageAtTime(Handler.java:718)
11-26 13:31:29.889 17838 17838 W MessageQueue: 	at android.os.Handler.sendMessageDelayed(Handler.java:688)
11-26 13:31:29.889 17838 17838 W MessageQueue: 	at android.os.Handler.post(Handler.java:405)
11-26 13:31:29.889 17838 17838 W MessageQueue: 	at symlab.CloudAR.manager.ARManager.driveFrame(ARManager.java:221)
11-26 13:31:29.889 17838 17838 W MessageQueue: 	at symlab.posterApp.PosterActivity$4.onPreviewFrame(PosterActivity.java:258)
11-26 13:31:29.889 17838 17838 W MessageQueue: 	at android.hardware.Camera$EventHandler.handleMessage(Camera.java:1278)
11-26 13:31:29.889 17838 17838 W MessageQueue: 	at android.os.Handler.dispatchMessage(Handler.java:112)
11-26 13:31:29.889 17838 17838 W MessageQueue: 	at android.os.Looper.loop(Looper.java:216)
11-26 13:31:29.889 17838 17838 W MessageQueue: 	at android.app.ActivityThread.main(ActivityThread.java:7579)
11-26 13:31:29.889 17838 17838 W MessageQueue: 	at java.lang.reflect.Method.invoke(Native Method)
11-26 13:31:29.889 17838 17838 W MessageQueue: 	at com.android.internal.os.RuntimeInit$MethodAndArgsCaller.run(RuntimeInit.java:524)
11-26 13:31:29.889 17838 17838 W MessageQueue: 	at com.android.internal.os.ZygoteInit.main(ZygoteInit.java:1034)
11-26 13:31:29.923 17838 17838 W MessageQueue: Handler (android.os.Handler) {cdbfc38} sending message to a Handler on a dead thread
11-26 13:31:29.923 17838 17838 W MessageQueue: java.lang.IllegalStateException: Handler (android.os.Handler) {cdbfc38} sending message to a Handler on a dead thread
11-26 13:31:29.923 17838 17838 W MessageQueue: 	at android.os.MessageQueue.enqueueMessage(MessageQueue.java:650)
11-26 13:31:29.923 17838 17838 W MessageQueue: 	at android.os.Handler.enqueueMessage(Handler.java:769)
11-26 13:31:29.923 17838 17838 W MessageQueue: 	at android.os.Handler.sendMessageAtTime(Handler.java:718)
11-26 13:31:29.923 17838 17838 W MessageQueue: 	at android.os.Handler.sendMessageDelayed(Handler.java:688)
11-26 13:31:29.923 17838 17838 W MessageQueue: 	at android.os.Handler.post(Handler.java:405)
11-26 13:31:29.923 17838 17838 W MessageQueue: 	at symlab.CloudAR.manager.ARManager.driveFrame(ARManager.java:219)
11-26 13:31:29.923 17838 17838 W MessageQueue: 	at symlab.posterApp.PosterActivity$4.onPreviewFrame(PosterActivity.java:258)
11-26 13:31:29.923 17838 17838 W MessageQueue: 	at android.hardware.Camera$EventHandler.handleMessage(Camera.java:1278)
11-26 13:31:29.923 17838 17838 W MessageQueue: 	at android.os.Handler.dispatchMessage(Handler.java:112)
11-26 13:31:29.923 17838 17838 W MessageQueue: 	at android.os.Looper.loop(Looper.java:216)
11-26 13:31:29.923 17838 17838 W MessageQueue: 	at android.app.ActivityThread.main(ActivityThread.java:7579)
11-26 13:31:29.923 17838 17838 W MessageQueue: 	at java.lang.reflect.Method.invoke(Native Method)
11-26 13:31:29.923 17838 17838 W MessageQueue: 	at com.android.internal.os.RuntimeInit$MethodAndArgsCaller.run(RuntimeInit.java:524)
11-26 13:31:29.923 17838 17838 W MessageQueue: 	at com.android.internal.os.ZygoteInit.main(ZygoteInit.java:1034)
11-26 13:31:29.924 17838 17838 W MessageQueue: Handler (android.os.Handler) {b403976} sending message to a Handler on a dead thread
11-26 13:31:29.924 17838 17838 W MessageQueue: java.lang.IllegalStateException: Handler (android.os.Handler) {b403976} sending message to a Handler on a dead thread
11-26 13:31:29.924 17838 17838 W MessageQueue: 	at android.os.MessageQueue.enqueueMessage(MessageQueue.java:650)
11-26 13:31:29.924 17838 17838 W MessageQueue: 	at android.os.Handler.enqueueMessage(Handler.java:769)
11-26 13:31:29.924 17838 17838 W MessageQueue: 	at android.os.Handler.sendMessageAtTime(Handler.java:718)
11-26 13:31:29.924 17838 17838 W MessageQueue: 	at android.os.Handler.sendMessageDelayed(Handler.java:688)
11-26 13:31:29.924 17838 17838 W MessageQueue: 	at android.os.Handler.post(Handler.java:405)
11-26 13:31:29.924 17838 17838 W MessageQueue: 	at symlab.CloudAR.manager.ARManager.driveFrame(ARManager.java:221)
11-26 13:31:29.924 17838 17838 W MessageQueue: 	at symlab.posterApp.PosterActivity$4.onPreviewFrame(PosterActivity.java:258)
11-26 13:31:29.924 17838 17838 W MessageQueue: 	at android.hardware.Camera$EventHandler.handleMessage(Camera.java:1278)
11-26 13:31:29.924 17838 17838 W MessageQueue: 	at android.os.Handler.dispatchMessage(Handler.java:112)
11-26 13:31:29.924 17838 17838 W MessageQueue: 	at android.os.Looper.loop(Looper.java:216)
11-26 13:31:29.924 17838 17838 W MessageQueue: 	at android.app.ActivityThread.main(ActivityThread.java:7579)
11-26 13:31:29.924 17838 17838 W MessageQueue: 	at java.lang.reflect.Method.invoke(Native Method)
11-26 13:31:29.924 17838 17838 W MessageQueue: 	at com.android.internal.os.RuntimeInit$MethodAndArgsCaller.run(RuntimeInit.java:524)
11-26 13:31:29.924 17838 17838 W MessageQueue: 	at com.android.internal.os.ZygoteInit.main(ZygoteInit.java:1034)
11-26 13:31:29.956 17838 17838 W MessageQueue: Handler (android.os.Handler) {cdbfc38} sending message to a Handler on a dead thread
11-26 13:31:29.956 17838 17838 W MessageQueue: java.lang.IllegalStateException: Handler (android.os.Handler) {cdbfc38} sending message to a Handler on a dead thread
11-26 13:31:29.956 17838 17838 W MessageQueue: 	at android.os.MessageQueue.enqueueMessage(MessageQueue.java:650)
11-26 13:31:29.956 17838 17838 W MessageQueue: 	at android.os.Handler.enqueueMessage(Handler.java:769)
11-26 13:31:29.956 17838 17838 W MessageQueue: 	at android.os.Handler.sendMessageAtTime(Handler.java:718)
11-26 13:31:29.956 17838 17838 W MessageQueue: 	at android.os.Handler.sendMessageDelayed(Handler.java:688)
11-26 13:31:29.956 17838 17838 W MessageQueue: 	at android.os.Handler.post(Handler.java:405)
11-26 13:31:29.956 17838 17838 W MessageQueue: 	at symlab.CloudAR.manager.ARManager.driveFrame(ARManager.java:219)
11-26 13:31:29.956 17838 17838 W MessageQueue: 	at symlab.posterApp.PosterActivity$4.onPreviewFrame(PosterActivity.java:258)
11-26 13:31:29.956 17838 17838 W MessageQueue: 	at android.hardware.Camera$EventHandler.handleMessage(Camera.java:1278)
11-26 13:31:29.956 17838 17838 W MessageQueue: 	at android.os.Handler.dispatchMessage(Handler.java:112)
11-26 13:31:29.956 17838 17838 W MessageQueue: 	at android.os.Looper.loop(Looper.java:216)
11-26 13:31:29.956 17838 17838 W MessageQueue: 	at android.app.ActivityThread.main(ActivityThread.java:7579)
11-26 13:31:29.956 17838 17838 W MessageQueue: 	at java.lang.reflect.Method.invoke(Native Method)
11-26 13:31:29.956 17838 17838 W MessageQueue: 	at com.android.internal.os.RuntimeInit$MethodAndArgsCaller.run(RuntimeInit.java:524)
11-26 13:31:29.956 17838 17838 W MessageQueue: 	at com.android.internal.os.ZygoteInit.main(ZygoteInit.java:1034)
11-26 13:31:29.957 17838 17838 W MessageQueue: Handler (android.os.Handler) {b403976} sending message to a Handler on a dead thread
11-26 13:31:29.957 17838 17838 W MessageQueue: java.lang.IllegalStateException: Handler (android.os.Handler) {b403976} sending message to a Handler on a dead thread
11-26 13:31:29.957 17838 17838 W MessageQueue: 	at android.os.MessageQueue.enqueueMessage(MessageQueue.java:650)
11-26 13:31:29.957 17838 17838 W MessageQueue: 	at android.os.Handler.enqueueMessage(Handler.java:769)
11-26 13:31:29.957 17838 17838 W MessageQueue: 	at android.os.Handler.sendMessageAtTime(Handler.java:718)
11-26 13:31:29.957 17838 17838 W MessageQueue: 	at android.os.Handler.sendMessageDelayed(Handler.java:688)
11-26 13:31:29.957 17838 17838 W MessageQueue: 	at android.os.Handler.post(Handler.java:405)
11-26 13:31:29.957 17838 17838 W MessageQueue: 	at symlab.CloudAR.manager.ARManager.driveFrame(ARManager.java:221)
11-26 13:31:29.957 17838 17838 W MessageQueue: 	at symlab.posterApp.PosterActivity$4.onPreviewFrame(PosterActivity.java:258)
11-26 13:31:29.957 17838 17838 W MessageQueue: 	at android.hardware.Camera$EventHandler.handleMessage(Camera.java:1278)
11-26 13:31:29.957 17838 17838 W MessageQueue: 	at android.os.Handler.dispatchMessage(Handler.java:112)
11-26 13:31:29.957 17838 17838 W MessageQueue: 	at android.os.Looper.loop(Looper.java:216)
11-26 13:31:29.957 17838 17838 W MessageQueue: 	at android.app.ActivityThread.main(ActivityThread.java:7579)
11-26 13:31:29.957 17838 17838 W MessageQueue: 	at java.lang.reflect.Method.invoke(Native Method)
11-26 13:31:29.957 17838 17838 W MessageQueue: 	at com.android.internal.os.RuntimeInit$MethodAndArgsCaller.run(RuntimeInit.java:524)
11-26 13:31:29.957 17838 17838 W MessageQueue: 	at com.android.internal.os.ZygoteInit.main(ZygoteInit.java:1034)
11-26 13:31:29.985 17838 17838 W MessageQueue: Handler (android.os.Handler) {cdbfc38} sending message to a Handler on a dead thread
11-26 13:31:29.985 17838 17838 W MessageQueue: java.lang.IllegalStateException: Handler (android.os.Handler) {cdbfc38} sending message to a Handler on a dead thread
11-26 13:31:29.985 17838 17838 W MessageQueue: 	at android.os.MessageQueue.enqueueMessage(MessageQueue.java:650)
11-26 13:31:29.985 17838 17838 W MessageQueue: 	at android.os.Handler.enqueueMessage(Handler.java:769)
11-26 13:31:29.985 17838 17838 W MessageQueue: 	at android.os.Handler.sendMessageAtTime(Handler.java:718)
11-26 13:31:29.985 17838 17838 W MessageQueue: 	at android.os.Handler.sendMessageDelayed(Handler.java:688)
11-26 13:31:29.985 17838 17838 W MessageQueue: 	at android.os.Handler.post(Handler.java:405)
11-26 13:31:29.985 17838 17838 W MessageQueue: 	at symlab.CloudAR.manager.ARManager.driveFrame(ARManager.java:219)
11-26 13:31:29.985 17838 17838 W MessageQueue: 	at symlab.posterApp.PosterActivity$4.onPreviewFrame(PosterActivity.java:258)
11-26 13:31:29.985 17838 17838 W MessageQueue: 	at android.hardware.Camera$EventHandler.handleMessage(Camera.java:1278)
11-26 13:31:29.985 17838 17838 W MessageQueue: 	at android.os.Handler.dispatchMessage(Handler.java:112)
11-26 13:31:29.985 17838 17838 W MessageQueue: 	at android.os.Looper.loop(Looper.java:216)
11-26 13:31:29.985 17838 17838 W MessageQueue: 	at android.app.ActivityThread.main(ActivityThread.java:7579)
11-26 13:31:29.985 17838 17838 W MessageQueue: 	at java.lang.reflect.Method.invoke(Native Method)
11-26 13:31:29.985 17838 17838 W MessageQueue: 	at com.android.internal.os.RuntimeInit$MethodAndArgsCaller.run(RuntimeInit.java:524)
11-26 13:31:29.985 17838 17838 W MessageQueue: 	at com.android.internal.os.ZygoteInit.main(ZygoteInit.java:1034)
11-26 13:31:29.985 17838 17838 W MessageQueue: Handler (android.os.Handler) {b403976} sending message to a Handler on a dead thread
11-26 13:31:29.985 17838 17838 W MessageQueue: java.lang.IllegalStateException: Handler (android.os.Handler) {b403976} sending message to a Handler on a dead thread
11-26 13:31:29.985 17838 17838 W MessageQueue: 	at android.os.MessageQueue.enqueueMessage(MessageQueue.java:650)
11-26 13:31:29.985 17838 17838 W MessageQueue: 	at android.os.Handler.enqueueMessage(Handler.java:769)
11-26 13:31:29.985 17838 17838 W MessageQueue: 	at android.os.Handler.sendMessageAtTime(Handler.java:718)
11-26 13:31:29.985 17838 17838 W MessageQueue: 	at android.os.Handler.sendMessageDelayed(Handler.java:688)
11-26 13:31:29.985 17838 17838 W MessageQueue: 	at android.os.Handler.post(Handler.java:405)
11-26 13:31:29.985 17838 17838 W MessageQueue: 	at symlab.CloudAR.manager.ARManager.driveFrame(ARManager.java:221)
11-26 13:31:29.985 17838 17838 W MessageQueue: 	at symlab.posterApp.PosterActivity$4.onPreviewFrame(PosterActivity.java:258)
11-26 13:31:29.985 17838 17838 W MessageQueue: 	at android.hardware.Camera$EventHandler.handleMessage(Camera.java:1278)
11-26 13:31:29.985 17838 17838 W MessageQueue: 	at android.os.Handler.dispatchMessage(Handler.java:112)
11-26 13:31:29.985 17838 17838 W MessageQueue: 	at android.os.Looper.loop(Looper.java:216)
11-26 13:31:29.985 17838 17838 W MessageQueue: 	at android.app.ActivityThread.main(ActivityThread.java:7579)
11-26 13:31:29.985 17838 17838 W MessageQueue: 	at java.lang.reflect.Method.invoke(Native Method)
11-26 13:31:29.985 17838 17838 W MessageQueue: 	at com.android.internal.os.RuntimeInit$MethodAndArgsCaller.run(RuntimeInit.java:524)
11-26 13:31:29.985 17838 17838 W MessageQueue: 	at com.android.internal.os.ZygoteInit.main(ZygoteInit.java:1034)
11-26 13:31:30.021 17838 17838 W MessageQueue: Handler (android.os.Handler) {cdbfc38} sending message to a Handler on a dead thread
11-26 13:31:30.021 17838 17838 W MessageQueue: java.lang.IllegalStateException: Handler (android.os.Handler) {cdbfc38} sending message to a Handler on a dead thread
11-26 13:31:30.021 17838 17838 W MessageQueue: 	at android.os.MessageQueue.enqueueMessage(MessageQueue.java:650)
11-26 13:31:30.021 17838 17838 W MessageQueue: 	at android.os.Handler.enqueueMessage(Handler.java:769)
11-26 13:31:30.021 17838 17838 W MessageQueue: 	at android.os.Handler.sendMessageAtTime(Handler.java:718)
11-26 13:31:30.021 17838 17838 W MessageQueue: 	at android.os.Handler.sendMessageDelayed(Handler.java:688)
11-26 13:31:30.021 17838 17838 W MessageQueue: 	at android.os.Handler.post(Handler.java:405)
11-26 13:31:30.021 17838 17838 W MessageQueue: 	at symlab.CloudAR.manager.ARManager.driveFrame(ARManager.java:219)
11-26 13:31:30.021 17838 17838 W MessageQueue: 	at symlab.posterApp.PosterActivity$4.onPreviewFrame(PosterActivity.java:258)
11-26 13:31:30.021 17838 17838 W MessageQueue: 	at android.hardware.Camera$EventHandler.handleMessage(Camera.java:1278)
11-26 13:31:30.021 17838 17838 W MessageQueue: 	at android.os.Handler.dispatchMessage(Handler.java:112)
11-26 13:31:30.021 17838 17838 W MessageQueue: 	at android.os.Looper.loop(Looper.java:216)
11-26 13:31:30.021 17838 17838 W MessageQueue: 	at android.app.ActivityThread.main(ActivityThread.java:7579)
11-26 13:31:30.021 17838 17838 W MessageQueue: 	at java.lang.reflect.Method.invoke(Native Method)
11-26 13:31:30.021 17838 17838 W MessageQueue: 	at com.android.internal.os.RuntimeInit$MethodAndArgsCaller.run(RuntimeInit.java:524)
11-26 13:31:30.021 17838 17838 W MessageQueue: 	at com.android.internal.os.ZygoteInit.main(ZygoteInit.java:1034)
11-26 13:31:30.022 17838 17838 W MessageQueue: Handler (android.os.Handler) {b403976} sending message to a Handler on a dead thread
11-26 13:31:30.022 17838 17838 W MessageQueue: java.lang.IllegalStateException: Handler (android.os.Handler) {b403976} sending message to a Handler on a dead thread
11-26 13:31:30.022 17838 17838 W MessageQueue: 	at android.os.MessageQueue.enqueueMessage(MessageQueue.java:650)
11-26 13:31:30.022 17838 17838 W MessageQueue: 	at android.os.Handler.enqueueMessage(Handler.java:769)
11-26 13:31:30.022 17838 17838 W MessageQueue: 	at android.os.Handler.sendMessageAtTime(Handler.java:718)
11-26 13:31:30.022 17838 17838 W MessageQueue: 	at android.os.Handler.sendMessageDelayed(Handler.java:688)
11-26 13:31:30.022 17838 17838 W MessageQueue: 	at android.os.Handler.post(Handler.java:405)
11-26 13:31:30.022 17838 17838 W MessageQueue: 	at symlab.CloudAR.manager.ARManager.driveFrame(ARManager.java:221)
11-26 13:31:30.022 17838 17838 W MessageQueue: 	at symlab.posterApp.PosterActivity$4.onPreviewFrame(PosterActivity.java:258)
11-26 13:31:30.022 17838 17838 W MessageQueue: 	at android.hardware.Camera$EventHandler.handleMessage(Camera.java:1278)
11-26 13:31:30.022 17838 17838 W MessageQueue: 	at android.os.Handler.dispatchMessage(Handler.java:112)
11-26 13:31:30.022 17838 17838 W MessageQueue: 	at android.os.Looper.loop(Looper.java:216)
11-26 13:31:30.022 17838 17838 W MessageQueue: 	at android.app.ActivityThread.main(ActivityThread.java:7579)
11-26 13:31:30.022 17838 17838 W MessageQueue: 	at java.lang.reflect.Method.invoke(Native Method)
11-26 13:31:30.022 17838 17838 W MessageQueue: 	at com.android.internal.os.RuntimeInit$MethodAndArgsCaller.run(RuntimeInit.java:524)
11-26 13:31:30.022 17838 17838 W MessageQueue: 	at com.android.internal.os.ZygoteInit.main(ZygoteInit.java:1034)
11-26 13:31:30.057 17838 17838 W MessageQueue: Handler (android.os.Handler) {cdbfc38} sending message to a Handler on a dead thread
11-26 13:31:30.057 17838 17838 W MessageQueue: java.lang.IllegalStateException: Handler (android.os.Handler) {cdbfc38} sending message to a Handler on a dead thread
11-26 13:31:30.057 17838 17838 W MessageQueue: 	at android.os.MessageQueue.enqueueMessage(MessageQueue.java:650)
11-26 13:31:30.057 17838 17838 W MessageQueue: 	at android.os.Handler.enqueueMessage(Handler.java:769)
11-26 13:31:30.057 17838 17838 W MessageQueue: 	at android.os.Handler.sendMessageAtTime(Handler.java:718)
11-26 13:31:30.057 17838 17838 W MessageQueue: 	at android.os.Handler.sendMessageDelayed(Handler.java:688)
11-26 13:31:30.057 17838 17838 W MessageQueue: 	at android.os.Handler.post(Handler.java:405)
11-26 13:31:30.057 17838 17838 W MessageQueue: 	at symlab.CloudAR.manager.ARManager.driveFrame(ARManager.java:219)
11-26 13:31:30.057 17838 17838 W MessageQueue: 	at symlab.posterApp.PosterActivity$4.onPreviewFrame(PosterActivity.java:258)
11-26 13:31:30.057 17838 17838 W MessageQueue: 	at android.hardware.Camera$EventHandler.handleMessage(Camera.java:1278)
11-26 13:31:30.057 17838 17838 W MessageQueue: 	at android.os.Handler.dispatchMessage(Handler.java:112)
11-26 13:31:30.057 17838 17838 W MessageQueue: 	at android.os.Looper.loop(Looper.java:216)
11-26 13:31:30.057 17838 17838 W MessageQueue: 	at android.app.ActivityThread.main(ActivityThread.java:7579)
11-26 13:31:30.057 17838 17838 W MessageQueue: 	at java.lang.reflect.Method.invoke(Native Method)
11-26 13:31:30.057 17838 17838 W MessageQueue: 	at com.android.internal.os.RuntimeInit$MethodAndArgsCaller.run(RuntimeInit.java:524)
11-26 13:31:30.057 17838 17838 W MessageQueue: 	at com.android.internal.os.ZygoteInit.main(ZygoteInit.java:1034)
11-26 13:31:30.058 17838 17838 W MessageQueue: Handler (android.os.Handler) {b403976} sending message to a Handler on a dead thread
11-26 13:31:30.058 17838 17838 W MessageQueue: java.lang.IllegalStateException: Handler (android.os.Handler) {b403976} sending message to a Handler on a dead thread
11-26 13:31:30.058 17838 17838 W MessageQueue: 	at android.os.MessageQueue.enqueueMessage(MessageQueue.java:650)
11-26 13:31:30.058 17838 17838 W MessageQueue: 	at android.os.Handler.enqueueMessage(Handler.java:769)
11-26 13:31:30.058 17838 17838 W MessageQueue: 	at android.os.Handler.sendMessageAtTime(Handler.java:718)
11-26 13:31:30.058 17838 17838 W MessageQueue: 	at android.os.Handler.sendMessageDelayed(Handler.java:688)
11-26 13:31:30.058 17838 17838 W MessageQueue: 	at android.os.Handler.post(Handler.java:405)
11-26 13:31:30.058 17838 17838 W MessageQueue: 	at symlab.CloudAR.manager.ARManager.driveFrame(ARManager.java:221)
11-26 13:31:30.058 17838 17838 W MessageQueue: 	at symlab.posterApp.PosterActivity$4.onPreviewFrame(PosterActivity.java:258)
11-26 13:31:30.058 17838 17838 W MessageQueue: 	at android.hardware.Camera$EventHandler.handleMessage(Camera.java:1278)
11-26 13:31:30.058 17838 17838 W MessageQueue: 	at android.os.Handler.dispatchMessage(Handler.java:112)
11-26 13:31:30.058 17838 17838 W MessageQueue: 	at android.os.Looper.loop(Looper.java:216)
11-26 13:31:30.058 17838 17838 W MessageQueue: 	at android.app.ActivityThread.main(ActivityThread.java:7579)
11-26 13:31:30.058 17838 17838 W MessageQueue: 	at java.lang.reflect.Method.invoke(Native Method)
11-26 13:31:30.058 17838 17838 W MessageQueue: 	at com.android.internal.os.RuntimeInit$MethodAndArgsCaller.run(RuntimeInit.java:524)
11-26 13:31:30.058 17838 17838 W MessageQueue: 	at com.android.internal.os.ZygoteInit.main(ZygoteInit.java:1034)
11-26 13:31:30.090 17838 17838 W MessageQueue: Handler (android.os.Handler) {cdbfc38} sending message to a Handler on a dead thread
11-26 13:31:30.090 17838 17838 W MessageQueue: java.lang.IllegalStateException: Handler (android.os.Handler) {cdbfc38} sending message to a Handler on a dead thread
11-26 13:31:30.090 17838 17838 W MessageQueue: 	at android.os.MessageQueue.enqueueMessage(MessageQueue.java:650)
11-26 13:31:30.090 17838 17838 W MessageQueue: 	at android.os.Handler.enqueueMessage(Handler.java:769)
11-26 13:31:30.090 17838 17838 W MessageQueue: 	at android.os.Handler.sendMessageAtTime(Handler.java:718)
11-26 13:31:30.090 17838 17838 W MessageQueue: 	at android.os.Handler.sendMessageDelayed(Handler.java:688)
11-26 13:31:30.090 17838 17838 W MessageQueue: 	at android.os.Handler.post(Handler.java:405)
11-26 13:31:30.090 17838 17838 W MessageQueue: 	at symlab.CloudAR.manager.ARManager.driveFrame(ARManager.java:219)
11-26 13:31:30.090 17838 17838 W MessageQueue: 	at symlab.posterApp.PosterActivity$4.onPreviewFrame(PosterActivity.java:258)
11-26 13:31:30.090 17838 17838 W MessageQueue: 	at android.hardware.Camera$EventHandler.handleMessage(Camera.java:1278)
11-26 13:31:30.090 17838 17838 W MessageQueue: 	at android.os.Handler.dispatchMessage(Handler.java:112)
11-26 13:31:30.090 17838 17838 W MessageQueue: 	at android.os.Looper.loop(Looper.java:216)
