--------- beginning of system
11-26 12:23:35.525  9443  9443 D ActivityThread: Attach thread to application
11-26 12:23:35.647  9443  9443 V ActivityThread: callActivityOnCreate
11-26 12:23:35.692  9443  9443 D ActivityThread: add activity client record, r= ActivityRecord{4d8f3ee token=android.os.BinderProxy@442f816 {symlab.cloudridar.poster_edge/symlab.posterApp.PosterActivity}} token= android.os.BinderProxy@442f816
11-26 12:23:35.707  9443  9443 I PermissionManager: camera remind result:true
11-26 12:23:35.707  9443  9443 I BackgroundPermManager: pkgName: symlab.cloudridar.poster_edge,pid: 9443 ,uidOf3RdApk: 10148 ,permType: 0 ,permCfg: 1
11-26 12:23:35.719  9443  9443 D ActivityThread: isOptEnabled=false isWechatScanOpt=false
11-26 12:23:35.790  9443  9443 I PermissionManager: camera remind result:true
11-26 12:23:39.884  9443  9443 I BackgroundPermManager: pkgName: symlab.cloudridar.poster_edge,pid: 9443 ,uidOf3RdApk: 10148 ,permType: 0 ,permCfg: 0
11-26 12:23:40.905  9443  9443 D ActivityThread: Remove activity client record, r= ActivityRecord{4d8f3ee token=android.os.BinderProxy@442f816 {symlab.cloudridar.poster_edge/symlab.posterApp.PosterActivity}} token= android.os.BinderProxy@442f816
--------- beginning of main
11-26 13:31:34.440 18238 18264 E         : [ZeroHung]zrhung_get_config: Get config failed for wp[0x0102]
11-26 13:31:34.440 18238 18264 W ZrHung.AppEyeUiProbe: Failed to get config from zrhung
11-26 13:31:34.446 18262 18262 W logcat  : type=1400 audit(0.0:6996): avc: granted { create } for name="logcat_1574767894433.txt" scontext=u:r:untrusted_app_27:s0:c512,c768 tcontext=u:object_r:sdcardfs:s0:c512,c768 tclass=file
11-26 13:31:34.450 18238 18238 V ActivityThread: callActivityOnCreate
11-26 13:31:34.450 18238 18238 I Poster  :  onCreate() called.
11-26 13:31:34.453 18238 18238 I HwApsImpl: APS: new HwApsImpl created
11-26 13:31:34.459 18238 18238 V HwWidgetFactory: : successes to get AllImpl object and return....
11-26 13:31:34.466 18238 18238 D OpenGLRenderer: Skia GL Pipeline
11-26 13:31:34.470 18238 18238 I Rajawali: Rajawali | Bombshell | v1.1 Development 
11-26 13:31:34.470 18238 18238 I Rajawali: THIS IS A DEV BRANCH CONTAINING SIGNIFICANT CHANGES. PLEASE REFER TO CHANGELOG.md FOR MORE INFORMATION.
11-26 13:31:34.475 18238 18238 I ConfigStore: android::hardware::configstore::V1_0::ISurfaceFlingerConfigs::hasWideColorDisplay retrieved: 0
11-26 13:31:34.475 18238 18238 I ConfigStore: android::hardware::configstore::V1_0::ISurfaceFlingerConfigs::hasHDRDisplay retrieved: 0
11-26 13:31:34.475 18238 18238 I iGraphics: [0020080c] pn: symlab.cloudridar.poster_edge, p: 18238
11-26 13:31:34.489 18238 18238 D ActivityThread: add activity client record, r= ActivityRecord{4d8f3ee token=android.os.BinderProxy@442f816 {symlab.cloudridar.poster_edge/symlab.posterApp.PosterActivity}} token= android.os.BinderProxy@442f816
11-26 13:31:34.491 18238 18238 I Poster  :  onStart() called.
11-26 13:31:34.491 18238 18238 D ZrHung.AppEyeUiProbe: notify runnable to start.
11-26 13:31:34.492 18238 18238 I Poster  :  onResume() called.
11-26 13:31:34.497 18238 18238 I PermissionManager: camera remind result:true
11-26 13:31:34.497 18238 18238 I Camera  : open camera: 0, package name: symlab.cloudridar.poster_edge
11-26 13:31:34.497 18238 18238 I BackgroundPermManager: pkgName: symlab.cloudridar.poster_edge,pid: 18238 ,uidOf3RdApk: 10148 ,permType: 0 ,permCfg: 1
11-26 13:31:34.498 18238 18238 I HwCameraUtil: notifySurfaceFlingerCameraStatus : isFront = false , isOpend = true
11-26 13:31:34.508 18238 18238 D ActivityThread: isOptEnabled=false isWechatScanOpt=false
11-26 13:31:34.512 18238 18238 I HwSecImmHelper: mSecurityInputMethodService is null
11-26 13:31:34.518 18238 18238 D OpenGLRenderer:   HWUI Binary is  enabled
11-26 13:31:34.523 18238 18238 I ViewRootImpl[PosterActivity]: view add KeepScreenOnFlag
11-26 13:31:34.523 18238 18284 D Poster  : UDP connection
11-26 13:31:34.543 18238 18302 D HiTouch_PressGestureDetector: onAttached, package=symlab.cloudridar.poster_edge, windowType=1, mHiTouchRestricted=false
11-26 13:31:34.551 18238 18301 I ConfigStore: android::hardware::configstore::V1_0::ISurfaceFlingerConfigs::hasWideColorDisplay retrieved: 0
11-26 13:31:34.552 18238 18301 I ConfigStore: android::hardware::configstore::V1_0::ISurfaceFlingerConfigs::hasHDRDisplay retrieved: 0
11-26 13:31:34.552 18238 18301 I OpenGLRenderer: Initialized EGL, version 1.4, mEglDisplay 0x1
11-26 13:31:34.552 18238 18301 D OpenGLRenderer: Swap behavior 2
11-26 13:31:34.560 18238 18301 D mali_winsys: EGLint new_window_surface(egl_winsys_display *, void *, EGLSurface, EGLConfig, egl_winsys_surface **, EGLBoolean) returns 0x3000
11-26 13:31:34.572 18238 18238 I Poster  :  surfaceCreated() called.
11-26 13:31:34.577 18238 18238 I PermissionManager: camera remind result:true
11-26 13:31:34.581 18238 18238 I Poster  :  surfaceChanged() called.
11-26 13:31:34.590 18238 18281 D mali_winsys: EGLint new_window_surface(egl_winsys_display *, void *, EGLSurface, EGLConfig, egl_winsys_surface **, EGLBoolean) returns 0x3000
11-26 13:31:34.617 18238 18238 W InputMethodManager: startInputReason = 1
11-26 13:31:34.619 18238 18238 W InputMethodManager: startInputReason = 5
11-26 13:31:35.668 18238 18238 D stylus  : init stylus touchlistener.
11-26 13:31:35.670 18238 18238 W Settings: Setting device_provisioned has moved from android.provider.Settings.Secure to android.provider.Settings.Global.
11-26 13:31:35.670 18238 18238 V HiTouch_HiTouchSensor: User setup is finished.
11-26 13:31:35.680 18238 18281 V Poster  : No object picked!
11-26 13:31:35.696 18238 18284 D Evaluation: get gray scaled frame data at 1574767895696
11-26 13:31:35.706 18238 18284 D Evaluation: frame 25 sent with size 20081 at 1574767895706
11-26 13:31:36.045 18238 18284 W System.err: java.net.NoRouteToHostException: No route to host
11-26 13:31:36.045 18238 18284 W System.err: 	at sun.nio.ch.DatagramChannelImpl.receive0(Native Method)
11-26 13:31:36.046 18238 18284 W System.err: 	at sun.nio.ch.DatagramChannelImpl.receiveIntoNativeBuffer(DatagramChannelImpl.java:464)
11-26 13:31:36.046 18238 18284 W System.err: 	at sun.nio.ch.DatagramChannelImpl.receive(DatagramChannelImpl.java:450)
11-26 13:31:36.046 18238 18284 W System.err: 	at sun.nio.ch.DatagramChannelImpl.receive(DatagramChannelImpl.java:393)
11-26 13:31:36.046 18238 18284 W System.err: 	at symlab.CloudAR.network.UDPReceivingTask.run(UDPReceivingTask.java:71)
11-26 13:31:36.046 18238 18284 W System.err: 	at android.os.Handler.handleCallback(Handler.java:907)
11-26 13:31:36.046 18238 18284 W System.err: 	at android.os.Handler.dispatchMessage(Handler.java:105)
11-26 13:31:36.047 18238 18284 W System.err: 	at android.os.Looper.loop(Looper.java:216)
11-26 13:31:36.047 18238 18284 W System.err: 	at android.os.HandlerThread.run(HandlerThread.java:65)
11-26 13:31:37.734 18238 18281 V Poster  : No object picked!
11-26 13:31:37.738 18238 18249 E         : [ZeroHung]zrhung_get_config: Get config failed for wp[0x0008]
11-26 13:31:37.779 18238 18247 W System  : A resource failed to call close. 
11-26 13:31:37.781 18238 18284 D Evaluation: get gray scaled frame data at 1574767897781
11-26 13:31:37.789 18238 18284 D Evaluation: frame 86 sent with size 18107 at 1574767897789
11-26 13:31:38.090 18238 18284 W System.err: java.net.NoRouteToHostException: No route to host
11-26 13:31:38.090 18238 18284 W System.err: 	at sun.nio.ch.DatagramChannelImpl.receive0(Native Method)
11-26 13:31:38.091 18238 18284 W System.err: 	at sun.nio.ch.DatagramChannelImpl.receiveIntoNativeBuffer(DatagramChannelImpl.java:464)
11-26 13:31:38.091 18238 18284 W System.err: 	at sun.nio.ch.DatagramChannelImpl.receive(DatagramChannelImpl.java:450)
11-26 13:31:38.091 18238 18284 W System.err: 	at sun.nio.ch.DatagramChannelImpl.receive(DatagramChannelImpl.java:393)
11-26 13:31:38.091 18238 18284 W System.err: 	at symlab.CloudAR.network.UDPReceivingTask.run(UDPReceivingTask.java:71)
11-26 13:31:38.091 18238 18284 W System.err: 	at android.os.Handler.handleCallback(Handler.java:907)
11-26 13:31:38.091 18238 18284 W System.err: 	at android.os.Handler.dispatchMessage(Handler.java:105)
11-26 13:31:38.092 18238 18284 W System.err: 	at android.os.Looper.loop(Looper.java:216)
11-26 13:31:38.092 18238 18284 W System.err: 	at android.os.HandlerThread.run(HandlerThread.java:65)
11-26 13:31:39.293 18238 18281 V Poster  : No object picked!
11-26 13:31:39.321 18238 18284 D Evaluation: get gray scaled frame data at 1574767899321
11-26 13:31:39.335 18238 18284 D Evaluation: frame 130 sent with size 18681 at 1574767899335
11-26 13:31:39.431 18238 18238 I AwareBitmapCacher: init lrucache size: 2097152 pid=18238
11-26 13:31:39.635 18238 18284 W System.err: java.net.NoRouteToHostException: No route to host
11-26 13:31:39.636 18238 18284 W System.err: 	at sun.nio.ch.DatagramChannelImpl.receive0(Native Method)
11-26 13:31:39.636 18238 18284 W System.err: 	at sun.nio.ch.DatagramChannelImpl.receiveIntoNativeBuffer(DatagramChannelImpl.java:464)
11-26 13:31:39.636 18238 18284 W System.err: 	at sun.nio.ch.DatagramChannelImpl.receive(DatagramChannelImpl.java:450)
11-26 13:31:39.636 18238 18284 W System.err: 	at sun.nio.ch.DatagramChannelImpl.receive(DatagramChannelImpl.java:393)
11-26 13:31:39.636 18238 18284 W System.err: 	at symlab.CloudAR.network.UDPReceivingTask.run(UDPReceivingTask.java:71)
11-26 13:31:39.636 18238 18284 W System.err: 	at android.os.Handler.handleCallback(Handler.java:907)
11-26 13:31:39.636 18238 18284 W System.err: 	at android.os.Handler.dispatchMessage(Handler.java:105)
11-26 13:31:39.636 18238 18284 W System.err: 	at android.os.Looper.loop(Looper.java:216)
11-26 13:31:39.636 18238 18284 W System.err: 	at android.os.HandlerThread.run(HandlerThread.java:65)
11-26 13:31:40.696 18238 18281 V Poster  : No object picked!
11-26 13:31:40.721 18238 18284 D Evaluation: get gray scaled frame data at 1574767900721
11-26 13:31:40.733 18238 18284 D Evaluation: frame 171 sent with size 18640 at 1574767900733
11-26 13:31:41.005 18238 18284 W System.err: java.net.NoRouteToHostException: No route to host
11-26 13:31:41.005 18238 18284 W System.err: 	at sun.nio.ch.DatagramChannelImpl.receive0(Native Method)
11-26 13:31:41.005 18238 18284 W System.err: 	at sun.nio.ch.DatagramChannelImpl.receiveIntoNativeBuffer(DatagramChannelImpl.java:464)
11-26 13:31:41.005 18238 18284 W System.err: 	at sun.nio.ch.DatagramChannelImpl.receive(DatagramChannelImpl.java:450)
11-26 13:31:41.005 18238 18284 W System.err: 	at sun.nio.ch.DatagramChannelImpl.receive(DatagramChannelImpl.java:393)
11-26 13:31:41.005 18238 18284 W System.err: 	at symlab.CloudAR.network.UDPReceivingTask.run(UDPReceivingTask.java:71)
11-26 13:31:41.005 18238 18284 W System.err: 	at android.os.Handler.handleCallback(Handler.java:907)
11-26 13:31:41.006 18238 18284 W System.err: 	at android.os.Handler.dispatchMessage(Handler.java:105)
11-26 13:31:41.006 18238 18284 W System.err: 	at android.os.Looper.loop(Looper.java:216)
11-26 13:31:41.006 18238 18284 W System.err: 	at android.os.HandlerThread.run(HandlerThread.java:65)
11-26 13:31:41.342 18238 18281 V Poster  : No object picked!
11-26 13:31:41.362 18238 18238 W HiTouch_PressGestureDetector: Touch pointer move a lot. The moving distance of X is:9.478729, limit is:60The moving distance of Y is:81.29578, limit is:60
11-26 13:31:43.191 18238 18238 I Poster  :  onPause() called.
11-26 13:31:43.272 18238 18238 I Camera  : close camera: 0, package name: symlab.cloudridar.poster_edge
11-26 13:31:43.272 18238 18238 I BackgroundPermManager: pkgName: symlab.cloudridar.poster_edge,pid: 18238 ,uidOf3RdApk: 10148 ,permType: 0 ,permCfg: 0
11-26 13:31:43.279 18238 18238 I HwCameraUtil: notifySurfaceFlingerCameraStatus : isFront = false , isOpend = false
11-26 13:31:43.349 18238 18238 D ZrHung.AppEyeUiProbe: stop checker.
11-26 13:31:43.406 18238 18238 I Poster  :  surfaceDestroyed() called.
11-26 13:31:43.409 18238 18281 W libEGL  : EGLNativeWindowType 0xc1eb0808 disconnect failed
11-26 13:31:43.410 18238 18238 D ViewRootImpl[PosterActivity]: surface should not be released
11-26 13:31:43.410 18238 18238 I Poster  :  onStop() called.
11-26 13:31:43.422 18238 18301 W libEGL  : EGLNativeWindowType 0xd16fe808 disconnect failed
11-26 13:31:43.443 18238 18264 D ZrHung.AppEyeUiProbe: Current Activity:false
11-26 13:31:43.443 18238 18264 D ZrHung.AppEyeUiProbe: not watching, wait.
11-26 13:31:43.509 18238 18238 I ViewRootImpl[PosterActivity]: view add KeepScreenOnFlag
11-26 13:31:48.198 18238 18238 I AwareBitmapCacher: handleReleaseCache: pid=18238
11-26 13:31:48.198 18238 18238 I AwareBitmapCacher: init lrucache size: 2097152 pid=18238
11-26 13:31:48.380 18238 18249 E         : [ZeroHung]zrhung_get_config: Get config failed for wp[0x0008]
11-26 13:31:48.427 18238 18247 W System  : A resource failed to call close. 
11-26 13:31:48.439 18238 18247 I chatty  : uid=10148(symlab.cloudridar.poster_edge) FinalizerDaemon identical 1 line
11-26 13:31:48.451 18238 18247 W System  : A resource failed to call close. 
11-26 13:32:12.091 18238 18238 I Poster  :  onStart() called.
11-26 13:32:12.092 18238 18238 D ZrHung.AppEyeUiProbe: notify runnable to start.
11-26 13:32:12.092 18238 18238 I Poster  :  onResume() called.
11-26 13:32:12.092 18238 18264 D ZrHung.AppEyeUiProbe: restart watching
11-26 13:32:12.096 18238 18238 I PermissionManager: camera remind result:true
11-26 13:32:12.096 18238 18238 I Camera  : open camera: 0, package name: symlab.cloudridar.poster_edge
11-26 13:32:12.096 18238 18238 I BackgroundPermManager: pkgName: symlab.cloudridar.poster_edge,pid: 18238 ,uidOf3RdApk: 10148 ,permType: 0 ,permCfg: 1
11-26 13:32:12.098 18238 18238 I HwCameraUtil: notifySurfaceFlingerCameraStatus : isFront = false , isOpend = true
11-26 13:32:12.111 18238 18238 D ActivityThread: isOptEnabled=false isWechatScanOpt=false
11-26 13:32:12.114 18238 18238 E libEGL  : call to OpenGL ES API with no current context (logged once per thread)
11-26 13:32:12.129 18238 18301 D mali_winsys: EGLint new_window_surface(egl_winsys_display *, void *, EGLSurface, EGLConfig, egl_winsys_surface **, EGLBoolean) returns 0x3000
11-26 13:32:12.132 18238 18238 I Poster  :  surfaceCreated() called.
11-26 13:32:12.139 18238 18238 I PermissionManager: camera remind result:true
11-26 13:32:12.144 18238 18238 I Poster  :  surfaceChanged() called.
11-26 13:32:12.144 18238 18238 E BpSurfaceComposerClient: Failed to transact (-1)
11-26 13:32:12.144 18238 18238 E BpSurfaceComposerClient: Failed to transact (-1)
11-26 13:32:12.149 18238 18281 D mali_winsys: EGLint new_window_surface(egl_winsys_display *, void *, EGLSurface, EGLConfig, egl_winsys_surface **, EGLBoolean) returns 0x3000
11-26 13:32:12.171 18238 18281 W libEGL  : EGLNativeWindowType 0xc290c008 disconnect failed
11-26 13:32:12.171 18238 18281 D mali_winsys: EGLint new_window_surface(egl_winsys_display *, void *, EGLSurface, EGLConfig, egl_winsys_surface **, EGLBoolean) returns 0x3000
11-26 13:32:12.172 18238 18238 W InputMethodManager: startInputReason = 1
11-26 13:32:12.188 18238 18281 E BpSurfaceComposerClient: Failed to transact (-1)
11-26 13:32:12.189 18238 18281 E BpSurfaceComposerClient: Failed to transact (-1)
11-26 13:32:12.202 18238 18301 W libEGL  : EGLNativeWindowType 0xd16fe808 disconnect failed
11-26 13:32:12.203 18238 18301 D mali_winsys: EGLint new_window_surface(egl_winsys_display *, void *, EGLSurface, EGLConfig, egl_winsys_surface **, EGLBoolean) returns 0x3000
11-26 13:32:12.442 18238 18238 W MessageQueue: Handler (android.os.Handler) {b403976} sending message to a Handler on a dead thread
11-26 13:32:12.442 18238 18238 W MessageQueue: java.lang.IllegalStateException: Handler (android.os.Handler) {b403976} sending message to a Handler on a dead thread
11-26 13:32:12.442 18238 18238 W MessageQueue: 	at android.os.MessageQueue.enqueueMessage(MessageQueue.java:650)
11-26 13:32:12.442 18238 18238 W MessageQueue: 	at android.os.Handler.enqueueMessage(Handler.java:769)
11-26 13:32:12.442 18238 18238 W MessageQueue: 	at android.os.Handler.sendMessageAtTime(Handler.java:718)
11-26 13:32:12.442 18238 18238 W MessageQueue: 	at android.os.Handler.sendMessageDelayed(Handler.java:688)
11-26 13:32:12.442 18238 18238 W MessageQueue: 	at android.os.Handler.post(Handler.java:405)
11-26 13:32:12.442 18238 18238 W MessageQueue: 	at symlab.CloudAR.manager.ARManager.driveFrame(ARManager.java:219)
11-26 13:32:12.442 18238 18238 W MessageQueue: 	at symlab.posterApp.PosterActivity$4.onPreviewFrame(PosterActivity.java:258)
11-26 13:32:12.442 18238 18238 W MessageQueue: 	at android.hardware.Camera$EventHandler.handleMessage(Camera.java:1278)
11-26 13:32:12.442 18238 18238 W MessageQueue: 	at android.os.Handler.dispatchMessage(Handler.java:112)
11-26 13:32:12.442 18238 18238 W MessageQueue: 	at android.os.Looper.loop(Looper.java:216)
11-26 13:32:12.442 18238 18238 W MessageQueue: 	at android.app.ActivityThread.main(ActivityThread.java:7579)
11-26 13:32:12.442 18238 18238 W MessageQueue: 	at java.lang.reflect.Method.invoke(Native Method)
11-26 13:32:12.442 18238 18238 W MessageQueue: 	at com.android.internal.os.RuntimeInit$MethodAndArgsCaller.run(RuntimeInit.java:524)
11-26 13:32:12.442 18238 18238 W MessageQueue: 	at com.android.internal.os.ZygoteInit.main(ZygoteInit.java:1034)
11-26 13:32:12.443 18238 18238 W MessageQueue: Handler (android.os.Handler) {c70a3e4} sending message to a Handler on a dead thread
11-26 13:32:12.443 18238 18238 W MessageQueue: java.lang.IllegalStateException: Handler (android.os.Handler) {c70a3e4} sending message to a Handler on a dead thread
11-26 13:32:12.443 18238 18238 W MessageQueue: 	at android.os.MessageQueue.enqueueMessage(MessageQueue.java:650)
11-26 13:32:12.443 18238 18238 W MessageQueue: 	at android.os.Handler.enqueueMessage(Handler.java:769)
11-26 13:32:12.443 18238 18238 W MessageQueue: 	at android.os.Handler.sendMessageAtTime(Handler.java:718)
11-26 13:32:12.443 18238 18238 W MessageQueue: 	at android.os.Handler.sendMessageDelayed(Handler.java:688)
11-26 13:32:12.443 18238 18238 W MessageQueue: 	at android.os.Handler.post(Handler.java:405)
11-26 13:32:12.443 18238 18238 W MessageQueue: 	at symlab.CloudAR.manager.ARManager.driveFrame(ARManager.java:221)
11-26 13:32:12.443 18238 18238 W MessageQueue: 	at symlab.posterApp.PosterActivity$4.onPreviewFrame(PosterActivity.java:258)
11-26 13:32:12.443 18238 18238 W MessageQueue: 	at android.hardware.Camera$EventHandler.handleMessage(Camera.java:1278)
11-26 13:32:12.443 18238 18238 W MessageQueue: 	at android.os.Handler.dispatchMessage(Handler.java:112)
11-26 13:32:12.443 18238 18238 W MessageQueue: 	at android.os.Looper.loop(Looper.java:216)
11-26 13:32:12.443 18238 18238 W MessageQueue: 	at android.app.ActivityThread.main(ActivityThread.java:7579)
11-26 13:32:12.443 18238 18238 W MessageQueue: 	at java.lang.reflect.Method.invoke(Native Method)
11-26 13:32:12.443 18238 18238 W MessageQueue: 	at com.android.internal.os.RuntimeInit$MethodAndArgsCaller.run(RuntimeInit.java:524)
11-26 13:32:12.443 18238 18238 W MessageQueue: 	at com.android.internal.os.ZygoteInit.main(ZygoteInit.java:1034)
11-26 13:32:12.471 18238 18238 W MessageQueue: Handler (android.os.Handler) {b403976} sending message to a Handler on a dead thread
11-26 13:32:12.471 18238 18238 W MessageQueue: java.lang.IllegalStateException: Handler (android.os.Handler) {b403976} sending message to a Handler on a dead thread
11-26 13:32:12.471 18238 18238 W MessageQueue: 	at android.os.MessageQueue.enqueueMessage(MessageQueue.java:650)
11-26 13:32:12.471 18238 18238 W MessageQueue: 	at android.os.Handler.enqueueMessage(Handler.java:769)
11-26 13:32:12.471 18238 18238 W MessageQueue: 	at android.os.Handler.sendMessageAtTime(Handler.java:718)
11-26 13:32:12.471 18238 18238 W MessageQueue: 	at android.os.Handler.sendMessageDelayed(Handler.java:688)
11-26 13:32:12.471 18238 18238 W MessageQueue: 	at android.os.Handler.post(Handler.java:405)
11-26 13:32:12.471 18238 18238 W MessageQueue: 	at symlab.CloudAR.manager.ARManager.driveFrame(ARManager.java:219)
11-26 13:32:12.471 18238 18238 W MessageQueue: 	at symlab.posterApp.PosterActivity$4.onPreviewFrame(PosterActivity.java:258)
11-26 13:32:12.471 18238 18238 W MessageQueue: 	at android.hardware.Camera$EventHandler.handleMessage(Camera.java:1278)
11-26 13:32:12.471 18238 18238 W MessageQueue: 	at android.os.Handler.dispatchMessage(Handler.java:112)
11-26 13:32:12.471 18238 18238 W MessageQueue: 	at android.os.Looper.loop(Looper.java:216)
11-26 13:32:12.471 18238 18238 W MessageQueue: 	at android.app.ActivityThread.main(ActivityThread.java:7579)
11-26 13:32:12.471 18238 18238 W MessageQueue: 	at java.lang.reflect.Method.invoke(Native Method)
11-26 13:32:12.471 18238 18238 W MessageQueue: 	at com.android.internal.os.RuntimeInit$MethodAndArgsCaller.run(RuntimeInit.java:524)
11-26 13:32:12.471 18238 18238 W MessageQueue: 	at com.android.internal.os.ZygoteInit.main(ZygoteInit.java:1034)
11-26 13:32:12.471 18238 18238 W MessageQueue: Handler (android.os.Handler) {c70a3e4} sending message to a Handler on a dead thread
11-26 13:32:12.471 18238 18238 W MessageQueue: java.lang.IllegalStateException: Handler (android.os.Handler) {c70a3e4} sending message to a Handler on a dead thread
11-26 13:32:12.471 18238 18238 W MessageQueue: 	at android.os.MessageQueue.enqueueMessage(MessageQueue.java:650)
11-26 13:32:12.471 18238 18238 W MessageQueue: 	at android.os.Handler.enqueueMessage(Handler.java:769)
11-26 13:32:12.471 18238 18238 W MessageQueue: 	at android.os.Handler.sendMessageAtTime(Handler.java:718)
11-26 13:32:12.471 18238 18238 W MessageQueue: 	at android.os.Handler.sendMessageDelayed(Handler.java:688)
11-26 13:32:12.471 18238 18238 W MessageQueue: 	at android.os.Handler.post(Handler.java:405)
11-26 13:32:12.471 18238 18238 W MessageQueue: 	at symlab.CloudAR.manager.ARManager.driveFrame(ARManager.java:221)
11-26 13:32:12.471 18238 18238 W MessageQueue: 	at symlab.posterApp.PosterActivity$4.onPreviewFrame(PosterActivity.java:258)
11-26 13:32:12.471 18238 18238 W MessageQueue: 	at android.hardware.Camera$EventHandler.handleMessage(Camera.java:1278)
11-26 13:32:12.471 18238 18238 W MessageQueue: 	at android.os.Handler.dispatchMessage(Handler.java:112)
11-26 13:32:12.471 18238 18238 W MessageQueue: 	at android.os.Looper.loop(Looper.java:216)
11-26 13:32:12.471 18238 18238 W MessageQueue: 	at android.app.ActivityThread.main(ActivityThread.java:7579)
11-26 13:32:12.471 18238 18238 W MessageQueue: 	at java.lang.reflect.Method.invoke(Native Method)
11-26 13:32:12.471 18238 18238 W MessageQueue: 	at com.android.internal.os.RuntimeInit$MethodAndArgsCaller.run(RuntimeInit.java:524)
11-26 13:32:12.471 18238 18238 W MessageQueue: 	at com.android.internal.os.ZygoteInit.main(ZygoteInit.java:1034)
11-26 13:32:12.509 18238 18238 W MessageQueue: Handler (android.os.Handler) {b403976} sending message to a Handler on a dead thread
11-26 13:32:12.509 18238 18238 W MessageQueue: java.lang.IllegalStateException: Handler (android.os.Handler) {b403976} sending message to a Handler on a dead thread
11-26 13:32:12.509 18238 18238 W MessageQueue: 	at android.os.MessageQueue.enqueueMessage(MessageQueue.java:650)
11-26 13:32:12.509 18238 18238 W MessageQueue: 	at android.os.Handler.enqueueMessage(Handler.java:769)
11-26 13:32:12.509 18238 18238 W MessageQueue: 	at android.os.Handler.sendMessageAtTime(Handler.java:718)
11-26 13:32:12.509 18238 18238 W MessageQueue: 	at android.os.Handler.sendMessageDelayed(Handler.java:688)
11-26 13:32:12.509 18238 18238 W MessageQueue: 	at android.os.Handler.post(Handler.java:405)
11-26 13:32:12.509 18238 18238 W MessageQueue: 	at symlab.CloudAR.manager.ARManager.driveFrame(ARManager.java:219)
11-26 13:32:12.509 18238 18238 W MessageQueue: 	at symlab.posterApp.PosterActivity$4.onPreviewFrame(PosterActivity.java:258)
11-26 13:32:12.509 18238 18238 W MessageQueue: 	at android.hardware.Camera$EventHandler.handleMessage(Camera.java:1278)
11-26 13:32:12.509 18238 18238 W MessageQueue: 	at android.os.Handler.dispatchMessage(Handler.java:112)
11-26 13:32:12.509 18238 18238 W MessageQueue: 	at android.os.Looper.loop(Looper.java:216)
11-26 13:32:12.509 18238 18238 W MessageQueue: 	at android.app.ActivityThread.main(ActivityThread.java:7579)
11-26 13:32:12.509 18238 18238 W MessageQueue: 	at java.lang.reflect.Method.invoke(Native Method)
11-26 13:32:12.509 18238 18238 W MessageQueue: 	at com.android.internal.os.RuntimeInit$MethodAndArgsCaller.run(RuntimeInit.java:524)
11-26 13:32:12.509 18238 18238 W MessageQueue: 	at com.android.internal.os.ZygoteInit.main(ZygoteInit.java:1034)
11-26 13:32:12.510 18238 18238 W MessageQueue: Handler (android.os.Handler) {c70a3e4} sending message to a Handler on a dead thread
11-26 13:32:12.510 18238 18238 W MessageQueue: java.lang.IllegalStateException: Handler (android.os.Handler) {c70a3e4} sending message to a Handler on a dead thread
11-26 13:32:12.510 18238 18238 W MessageQueue: 	at android.os.MessageQueue.enqueueMessage(MessageQueue.java:650)
11-26 13:32:12.510 18238 18238 W MessageQueue: 	at android.os.Handler.enqueueMessage(Handler.java:769)
11-26 13:32:12.510 18238 18238 W MessageQueue: 	at android.os.Handler.sendMessageAtTime(Handler.java:718)
11-26 13:32:12.510 18238 18238 W MessageQueue: 	at android.os.Handler.sendMessageDelayed(Handler.java:688)
11-26 13:32:12.510 18238 18238 W MessageQueue: 	at android.os.Handler.post(Handler.java:405)
11-26 13:32:12.510 18238 18238 W MessageQueue: 	at symlab.CloudAR.manager.ARManager.driveFrame(ARManager.java:221)
11-26 13:32:12.510 18238 18238 W MessageQueue: 	at symlab.posterApp.PosterActivity$4.onPreviewFrame(PosterActivity.java:258)
11-26 13:32:12.510 18238 18238 W MessageQueue: 	at android.hardware.Camera$EventHandler.handleMessage(Camera.java:1278)
11-26 13:32:12.510 18238 18238 W MessageQueue: 	at android.os.Handler.dispatchMessage(Handler.java:112)
11-26 13:32:12.510 18238 18238 W MessageQueue: 	at android.os.Looper.loop(Looper.java:216)
11-26 13:32:12.510 18238 18238 W MessageQueue: 	at android.app.ActivityThread.main(ActivityThread.java:7579)
11-26 13:32:12.510 18238 18238 W MessageQueue: 	at java.lang.reflect.Method.invoke(Native Method)
11-26 13:32:12.510 18238 18238 W MessageQueue: 	at com.android.internal.os.RuntimeInit$MethodAndArgsCaller.run(RuntimeInit.java:524)
11-26 13:32:12.510 18238 18238 W MessageQueue: 	at com.android.internal.os.ZygoteInit.main(ZygoteInit.java:1034)
11-26 13:32:12.545 18238 18238 W MessageQueue: Handler (android.os.Handler) {b403976} sending message to a Handler on a dead thread
11-26 13:32:12.545 18238 18238 W MessageQueue: java.lang.IllegalStateException: Handler (android.os.Handler) {b403976} sending message to a Handler on a dead thread
11-26 13:32:12.545 18238 18238 W MessageQueue: 	at android.os.MessageQueue.enqueueMessage(MessageQueue.java:650)
11-26 13:32:12.545 18238 18238 W MessageQueue: 	at android.os.Handler.enqueueMessage(Handler.java:769)
11-26 13:32:12.545 18238 18238 W MessageQueue: 	at android.os.Handler.sendMessageAtTime(Handler.java:718)
11-26 13:32:12.545 18238 18238 W MessageQueue: 	at android.os.Handler.sendMessageDelayed(Handler.java:688)
11-26 13:32:12.545 18238 18238 W MessageQueue: 	at android.os.Handler.post(Handler.java:405)
11-26 13:32:12.545 18238 18238 W MessageQueue: 	at symlab.CloudAR.manager.ARManager.driveFrame(ARManager.java:219)
11-26 13:32:12.545 18238 18238 W MessageQueue: 	at symlab.posterApp.PosterActivity$4.onPreviewFrame(PosterActivity.java:258)
11-26 13:32:12.545 18238 18238 W MessageQueue: 	at android.hardware.Camera$EventHandler.handleMessage(Camera.java:1278)
11-26 13:32:12.545 18238 18238 W MessageQueue: 	at android.os.Handler.dispatchMessage(Handler.java:112)
11-26 13:32:12.545 18238 18238 W MessageQueue: 	at android.os.Looper.loop(Looper.java:216)
11-26 13:32:12.545 18238 18238 W MessageQueue: 	at android.app.ActivityThread.main(ActivityThread.java:7579)
11-26 13:32:12.545 18238 18238 W MessageQueue: 	at java.lang.reflect.Method.invoke(Native Method)
11-26 13:32:12.545 18238 18238 W MessageQueue: 	at com.android.internal.os.RuntimeInit$MethodAndArgsCaller.run(RuntimeInit.java:524)
11-26 13:32:12.545 18238 18238 W MessageQueue: 	at com.android.internal.os.ZygoteInit.main(ZygoteInit.java:1034)
11-26 13:32:12.545 18238 18238 W MessageQueue: Handler (android.os.Handler) {c70a3e4} sending message to a Handler on a dead thread
11-26 13:32:12.545 18238 18238 W MessageQueue: java.lang.IllegalStateException: Handler (android.os.Handler) {c70a3e4} sending message to a Handler on a dead thread
11-26 13:32:12.545 18238 18238 W MessageQueue: 	at android.os.MessageQueue.enqueueMessage(MessageQueue.java:650)
11-26 13:32:12.545 18238 18238 W MessageQueue: 	at android.os.Handler.enqueueMessage(Handler.java:769)
11-26 13:32:12.545 18238 18238 W MessageQueue: 	at android.os.Handler.sendMessageAtTime(Handler.java:718)
11-26 13:32:12.545 18238 18238 W MessageQueue: 	at android.os.Handler.sendMessageDelayed(Handler.java:688)
11-26 13:32:12.545 18238 18238 W MessageQueue: 	at android.os.Handler.post(Handler.java:405)
11-26 13:32:12.545 18238 18238 W MessageQueue: 	at symlab.CloudAR.manager.ARManager.driveFrame(ARManager.java:221)
11-26 13:32:12.545 18238 18238 W MessageQueue: 	at symlab.posterApp.PosterActivity$4.onPreviewFrame(PosterActivity.java:258)
11-26 13:32:12.545 18238 18238 W MessageQueue: 	at android.hardware.Camera$EventHandler.handleMessage(Camera.java:1278)
11-26 13:32:12.545 18238 18238 W MessageQueue: 	at android.os.Handler.dispatchMessage(Handler.java:112)
11-26 13:32:12.545 18238 18238 W MessageQueue: 	at android.os.Looper.loop(Looper.java:216)
11-26 13:32:12.545 18238 18238 W MessageQueue: 	at android.app.ActivityThread.main(ActivityThread.java:7579)
11-26 13:32:12.545 18238 18238 W MessageQueue: 	at java.lang.reflect.Method.invoke(Native Method)
11-26 13:32:12.545 18238 18238 W MessageQueue: 	at com.android.internal.os.RuntimeInit$MethodAndArgsCaller.run(RuntimeInit.java:524)
11-26 13:32:12.545 18238 18238 W MessageQueue: 	at com.android.internal.os.ZygoteInit.main(ZygoteInit.java:1034)
11-26 13:32:12.580 18238 18238 W MessageQueue: Handler (android.os.Handler) {b403976} sending message to a Handler on a dead thread
11-26 13:32:12.580 18238 18238 W MessageQueue: java.lang.IllegalStateException: Handler (android.os.Handler) {b403976} sending message to a Handler on a dead thread
11-26 13:32:12.580 18238 18238 W MessageQueue: 	at android.os.MessageQueue.enqueueMessage(MessageQueue.java:650)
11-26 13:32:12.580 18238 18238 W MessageQueue: 	at android.os.Handler.enqueueMessage(Handler.java:769)
11-26 13:32:12.580 18238 18238 W MessageQueue: 	at android.os.Handler.sendMessageAtTime(Handler.java:718)
11-26 13:32:12.580 18238 18238 W MessageQueue: 	at android.os.Handler.sendMessageDelayed(Handler.java:688)
11-26 13:32:12.580 18238 18238 W MessageQueue: 	at android.os.Handler.post(Handler.java:405)
11-26 13:32:12.580 18238 18238 W MessageQueue: 	at symlab.CloudAR.manager.ARManager.driveFrame(ARManager.java:219)
11-26 13:32:12.580 18238 18238 W MessageQueue: 	at symlab.posterApp.PosterActivity$4.onPreviewFrame(PosterActivity.java:258)
11-26 13:32:12.580 18238 18238 W MessageQueue: 	at android.hardware.Camera$EventHandler.handleMessage(Camera.java:1278)
11-26 13:32:12.580 18238 18238 W MessageQueue: 	at android.os.Handler.dispatchMessage(Handler.java:112)
11-26 13:32:12.580 18238 18238 W MessageQueue: 	at android.os.Looper.loop(Looper.java:216)
11-26 13:32:12.580 18238 18238 W MessageQueue: 	at android.app.ActivityThread.main(ActivityThread.java:7579)
11-26 13:32:12.580 18238 18238 W MessageQueue: 	at java.lang.reflect.Method.invoke(Native Method)
11-26 13:32:12.580 18238 18238 W MessageQueue: 	at com.android.internal.os.RuntimeInit$MethodAndArgsCaller.run(RuntimeInit.java:524)
11-26 13:32:12.580 18238 18238 W MessageQueue: 	at com.android.internal.os.ZygoteInit.main(ZygoteInit.java:1034)
11-26 13:32:12.580 18238 18238 W MessageQueue: Handler (android.os.Handler) {c70a3e4} sending message to a Handler on a dead thread
11-26 13:32:12.580 18238 18238 W MessageQueue: java.lang.IllegalStateException: Handler (android.os.Handler) {c70a3e4} sending message to a Handler on a dead thread
11-26 13:32:12.580 18238 18238 W MessageQueue: 	at android.os.MessageQueue.enqueueMessage(MessageQueue.java:650)
11-26 13:32:12.580 18238 18238 W MessageQueue: 	at android.os.Handler.enqueueMessage(Handler.java:769)
11-26 13:32:12.580 18238 18238 W MessageQueue: 	at android.os.Handler.sendMessageAtTime(Handler.java:718)
11-26 13:32:12.580 18238 18238 W MessageQueue: 	at android.os.Handler.sendMessageDelayed(Handler.java:688)
11-26 13:32:12.580 18238 18238 W MessageQueue: 	at android.os.Handler.post(Handler.java:405)
11-26 13:32:12.580 18238 18238 W MessageQueue: 	at symlab.CloudAR.manager.ARManager.driveFrame(ARManager.java:221)
11-26 13:32:12.580 18238 18238 W MessageQueue: 	at symlab.posterApp.PosterActivity$4.onPreviewFrame(PosterActivity.java:258)
11-26 13:32:12.580 18238 18238 W MessageQueue: 	at android.hardware.Camera$EventHandler.handleMessage(Camera.java:1278)
11-26 13:32:12.580 18238 18238 W MessageQueue: 	at android.os.Handler.dispatchMessage(Handler.java:112)
11-26 13:32:12.580 18238 18238 W MessageQueue: 	at android.os.Looper.loop(Looper.java:216)
11-26 13:32:12.580 18238 18238 W MessageQueue: 	at android.app.ActivityThread.main(ActivityThread.java:7579)
11-26 13:32:12.580 18238 18238 W MessageQueue: 	at java.lang.reflect.Method.invoke(Native Method)
11-26 13:32:12.580 18238 18238 W MessageQueue: 	at com.android.internal.os.RuntimeInit$MethodAndArgsCaller.run(RuntimeInit.java:524)
11-26 13:32:12.580 18238 18238 W MessageQueue: 	at com.android.internal.os.ZygoteInit.main(ZygoteInit.java:1034)
11-26 13:32:12.617 18238 18238 W MessageQueue: Handler (android.os.Handler) {b403976} sending message to a Handler on a dead thread
11-26 13:32:12.617 18238 18238 W MessageQueue: java.lang.IllegalStateException: Handler (android.os.Handler) {b403976} sending message to a Handler on a dead thread
11-26 13:32:12.617 18238 18238 W MessageQueue: 	at android.os.MessageQueue.enqueueMessage(MessageQueue.java:650)
11-26 13:32:12.617 18238 18238 W MessageQueue: 	at android.os.Handler.enqueueMessage(Handler.java:769)
11-26 13:32:12.617 18238 18238 W MessageQueue: 	at android.os.Handler.sendMessageAtTime(Handler.java:718)
11-26 13:32:12.617 18238 18238 W MessageQueue: 	at android.os.Handler.sendMessageDelayed(Handler.java:688)
11-26 13:32:12.617 18238 18238 W MessageQueue: 	at android.os.Handler.post(Handler.java:405)
11-26 13:32:12.617 18238 18238 W MessageQueue: 	at symlab.CloudAR.manager.ARManager.driveFrame(ARManager.java:219)
11-26 13:32:12.617 18238 18238 W MessageQueue: 	at symlab.posterApp.PosterActivity$4.onPreviewFrame(PosterActivity.java:258)
11-26 13:32:12.617 18238 18238 W MessageQueue: 	at android.hardware.Camera$EventHandler.handleMessage(Camera.java:1278)
11-26 13:32:12.617 18238 18238 W MessageQueue: 	at android.os.Handler.dispatchMessage(Handler.java:112)
11-26 13:32:12.617 18238 18238 W MessageQueue: 	at android.os.Looper.loop(Looper.java:216)
11-26 13:32:12.617 18238 18238 W MessageQueue: 	at android.app.ActivityThread.main(ActivityThread.java:7579)
11-26 13:32:12.617 18238 18238 W MessageQueue: 	at java.lang.reflect.Method.invoke(Native Method)
11-26 13:32:12.617 18238 18238 W MessageQueue: 	at com.android.internal.os.RuntimeInit$MethodAndArgsCaller.run(RuntimeInit.java:524)
11-26 13:32:12.617 18238 18238 W MessageQueue: 	at com.android.internal.os.ZygoteInit.main(ZygoteInit.java:1034)
11-26 13:32:12.618 18238 18238 W MessageQueue: Handler (android.os.Handler) {c70a3e4} sending message to a Handler on a dead thread
11-26 13:32:12.618 18238 18238 W MessageQueue: java.lang.IllegalStateException: Handler (android.os.Handler) {c70a3e4} sending message to a Handler on a dead thread
11-26 13:32:12.618 18238 18238 W MessageQueue: 	at android.os.MessageQueue.enqueueMessage(MessageQueue.java:650)
11-26 13:32:12.618 18238 18238 W MessageQueue: 	at android.os.Handler.enqueueMessage(Handler.java:769)
11-26 13:32:12.618 18238 18238 W MessageQueue: 	at android.os.Handler.sendMessageAtTime(Handler.java:718)
11-26 13:32:12.618 18238 18238 W MessageQueue: 	at android.os.Handler.sendMessageDelayed(Handler.java:688)
11-26 13:32:12.618 18238 18238 W MessageQueue: 	at android.os.Handler.post(Handler.java:405)
11-26 13:32:12.618 18238 18238 W MessageQueue: 	at symlab.CloudAR.manager.ARManager.driveFrame(ARManager.java:221)
11-26 13:32:12.618 18238 18238 W MessageQueue: 	at symlab.posterApp.PosterActivity$4.onPreviewFrame(PosterActivity.java:258)
11-26 13:32:12.618 18238 18238 W MessageQueue: 	at android.hardware.Camera$EventHandler.handleMessage(Camera.java:1278)
11-26 13:32:12.618 18238 18238 W MessageQueue: 	at android.os.Handler.dispatchMessage(Handler.java:112)
11-26 13:32:12.618 18238 18238 W MessageQueue: 	at android.os.Looper.loop(Looper.java:216)
11-26 13:32:12.618 18238 18238 W MessageQueue: 	at android.app.ActivityThread.main(ActivityThread.java:7579)
11-26 13:32:12.618 18238 18238 W MessageQueue: 	at java.lang.reflect.Method.invoke(Native Method)
11-26 13:32:12.618 18238 18238 W MessageQueue: 	at com.android.internal.os.RuntimeInit$MethodAndArgsCaller.run(RuntimeInit.java:524)
11-26 13:32:12.618 18238 18238 W MessageQueue: 	at com.android.internal.os.ZygoteInit.main(ZygoteInit.java:1034)
11-26 13:32:12.649 18238 18238 W MessageQueue: Handler (android.os.Handler) {b403976} sending message to a Handler on a dead thread
11-26 13:32:12.649 18238 18238 W MessageQueue: java.lang.IllegalStateException: Handler (android.os.Handler) {b403976} sending message to a Handler on a dead thread
11-26 13:32:12.649 18238 18238 W MessageQueue: 	at android.os.MessageQueue.enqueueMessage(MessageQueue.java:650)
11-26 13:32:12.649 18238 18238 W MessageQueue: 	at android.os.Handler.enqueueMessage(Handler.java:769)
11-26 13:32:12.649 18238 18238 W MessageQueue: 	at android.os.Handler.sendMessageAtTime(Handler.java:718)
11-26 13:32:12.649 18238 18238 W MessageQueue: 	at android.os.Handler.sendMessageDelayed(Handler.java:688)
11-26 13:32:12.649 18238 18238 W MessageQueue: 	at android.os.Handler.post(Handler.java:405)
11-26 13:32:12.649 18238 18238 W MessageQueue: 	at symlab.CloudAR.manager.ARManager.driveFrame(ARManager.java:219)
11-26 13:32:12.649 18238 18238 W MessageQueue: 	at symlab.posterApp.PosterActivity$4.onPreviewFrame(PosterActivity.java:258)
11-26 13:32:12.649 18238 18238 W MessageQueue: 	at android.hardware.Camera$EventHandler.handleMessage(Camera.java:1278)
11-26 13:32:12.649 18238 18238 W MessageQueue: 	at android.os.Handler.dispatchMessage(Handler.java:112)
11-26 13:32:12.649 18238 18238 W MessageQueue: 	at android.os.Looper.loop(Looper.java:216)
11-26 13:32:12.649 18238 18238 W MessageQueue: 	at android.app.ActivityThread.main(ActivityThread.java:7579)
11-26 13:32:12.649 18238 18238 W MessageQueue: 	at java.lang.reflect.Method.invoke(Native Method)
11-26 13:32:12.649 18238 18238 W MessageQueue: 	at com.android.internal.os.RuntimeInit$MethodAndArgsCaller.run(RuntimeInit.java:524)
11-26 13:32:12.649 18238 18238 W MessageQueue: 	at com.android.internal.os.ZygoteInit.main(ZygoteInit.java:1034)
11-26 13:32:12.650 18238 18238 W MessageQueue: Handler (android.os.Handler) {c70a3e4} sending message to a Handler on a dead thread
11-26 13:32:12.650 18238 18238 W MessageQueue: java.lang.IllegalStateException: Handler (android.os.Handler) {c70a3e4} sending message to a Handler on a dead thread
11-26 13:32:12.650 18238 18238 W MessageQueue: 	at android.os.MessageQueue.enqueueMessage(MessageQueue.java:650)
11-26 13:32:12.650 18238 18238 W MessageQueue: 	at android.os.Handler.enqueueMessage(Handler.java:769)
11-26 13:32:12.650 18238 18238 W MessageQueue: 	at android.os.Handler.sendMessageAtTime(Handler.java:718)
11-26 13:32:12.650 18238 18238 W MessageQueue: 	at android.os.Handler.sendMessageDelayed(Handler.java:688)
11-26 13:32:12.650 18238 18238 W MessageQueue: 	at android.os.Handler.post(Handler.java:405)
11-26 13:32:12.650 18238 18238 W MessageQueue: 	at symlab.CloudAR.manager.ARManager.driveFrame(ARManager.java:221)
11-26 13:32:12.650 18238 18238 W MessageQueue: 	at symlab.posterApp.PosterActivity$4.onPreviewFrame(PosterActivity.java:258)
11-26 13:32:12.650 18238 18238 W MessageQueue: 	at android.hardware.Camera$EventHandler.handleMessage(Camera.java:1278)
11-26 13:32:12.650 18238 18238 W MessageQueue: 	at android.os.Handler.dispatchMessage(Handler.java:112)
11-26 13:32:12.650 18238 18238 W MessageQueue: 	at android.os.Looper.loop(Looper.java:216)
11-26 13:32:12.650 18238 18238 W MessageQueue: 	at android.app.ActivityThread.main(ActivityThread.java:7579)
11-26 13:32:12.650 18238 18238 W MessageQueue: 	at java.lang.reflect.Method.invoke(Native Method)
11-26 13:32:12.650 18238 18238 W MessageQueue: 	at com.android.internal.os.RuntimeInit$MethodAndArgsCaller.run(RuntimeInit.java:524)
11-26 13:32:12.650 18238 18238 W MessageQueue: 	at com.android.internal.os.ZygoteInit.main(ZygoteInit.java:1034)
11-26 13:32:12.682 18238 18238 W MessageQueue: Handler (android.os.Handler) {b403976} sending message to a Handler on a dead thread
11-26 13:32:12.682 18238 18238 W MessageQueue: java.lang.IllegalStateException: Handler (android.os.Handler) {b403976} sending message to a Handler on a dead thread
11-26 13:32:12.682 18238 18238 W MessageQueue: 	at android.os.MessageQueue.enqueueMessage(MessageQueue.java:650)
11-26 13:32:12.682 18238 18238 W MessageQueue: 	at android.os.Handler.enqueueMessage(Handler.java:769)
11-26 13:32:12.682 18238 18238 W MessageQueue: 	at android.os.Handler.sendMessageAtTime(Handler.java:718)
11-26 13:32:12.682 18238 18238 W MessageQueue: 	at android.os.Handler.sendMessageDelayed(Handler.java:688)
11-26 13:32:12.682 18238 18238 W MessageQueue: 	at android.os.Handler.post(Handler.java:405)
11-26 13:32:12.682 18238 18238 W MessageQueue: 	at symlab.CloudAR.manager.ARManager.driveFrame(ARManager.java:219)
11-26 13:32:12.682 18238 18238 W MessageQueue: 	at symlab.posterApp.PosterActivity$4.onPreviewFrame(PosterActivity.java:258)
11-26 13:32:12.682 18238 18238 W MessageQueue: 	at android.hardware.Camera$EventHandler.handleMessage(Camera.java:1278)
11-26 13:32:12.682 18238 18238 W MessageQueue: 	at android.os.Handler.dispatchMessage(Handler.java:112)
11-26 13:32:12.682 18238 18238 W MessageQueue: 	at android.os.Looper.loop(Looper.java:216)
11-26 13:32:12.682 18238 18238 W MessageQueue: 	at android.app.ActivityThread.main(ActivityThread.java:7579)
11-26 13:32:12.682 18238 18238 W MessageQueue: 	at java.lang.reflect.Method.invoke(Native Method)
11-26 13:32:12.682 18238 18238 W MessageQueue: 	at com.android.internal.os.RuntimeInit$MethodAndArgsCaller.run(RuntimeInit.java:524)
11-26 13:32:12.682 18238 18238 W MessageQueue: 	at com.android.internal.os.ZygoteInit.main(ZygoteInit.java:1034)
11-26 13:32:12.686 18238 18238 W MessageQueue: Handler (android.os.Handler) {c70a3e4} sending message to a Handler on a dead thread
11-26 13:32:12.686 18238 18238 W MessageQueue: java.lang.IllegalStateException: Handler (android.os.Handler) {c70a3e4} sending message to a Handler on a dead thread
11-26 13:32:12.686 18238 18238 W MessageQueue: 	at android.os.MessageQueue.enqueueMessage(MessageQueue.java:650)
11-26 13:32:12.686 18238 18238 W MessageQueue: 	at android.os.Handler.enqueueMessage(Handler.java:769)
11-26 13:32:12.686 18238 18238 W MessageQueue: 	at android.os.Handler.sendMessageAtTime(Handler.java:718)
11-26 13:32:12.686 18238 18238 W MessageQueue: 	at android.os.Handler.sendMessageDelayed(Handler.java:688)
11-26 13:32:12.686 18238 18238 W MessageQueue: 	at android.os.Handler.post(Handler.java:405)
11-26 13:32:12.686 18238 18238 W MessageQueue: 	at symlab.CloudAR.manager.ARManager.driveFrame(ARManager.java:221)
11-26 13:32:12.686 18238 18238 W MessageQueue: 	at symlab.posterApp.PosterActivity$4.onPreviewFrame(PosterActivity.java:258)
11-26 13:32:12.686 18238 18238 W MessageQueue: 	at android.hardware.Camera$EventHandler.handleMessage(Camera.java:1278)
11-26 13:32:12.686 18238 18238 W MessageQueue: 	at android.os.Handler.dispatchMessage(Handler.java:112)
11-26 13:32:12.686 18238 18238 W MessageQueue: 	at android.os.Looper.loop(Looper.java:216)
11-26 13:32:12.686 18238 18238 W MessageQueue: 	at android.app.ActivityThread.main(ActivityThread.java:7579)
11-26 13:32:12.686 18238 18238 W MessageQueue: 	at java.lang.reflect.Method.invoke(Native Method)
11-26 13:32:12.686 18238 18238 W MessageQueue: 	at com.android.internal.os.RuntimeInit$MethodAndArgsCaller.run(RuntimeInit.java:524)
11-26 13:32:12.686 18238 18238 W MessageQueue: 	at com.android.internal.os.ZygoteInit.main(ZygoteInit.java:1034)
11-26 13:32:12.718 18238 18238 W MessageQueue: Handler (android.os.Handler) {b403976} sending message to a Handler on a dead thread
11-26 13:32:12.718 18238 18238 W MessageQueue: java.lang.IllegalStateException: Handler (android.os.Handler) {b403976} sending message to a Handler on a dead thread
11-26 13:32:12.718 18238 18238 W MessageQueue: 	at android.os.MessageQueue.enqueueMessage(MessageQueue.java:650)
11-26 13:32:12.718 18238 18238 W MessageQueue: 	at android.os.Handler.enqueueMessage(Handler.java:769)
11-26 13:32:12.718 18238 18238 W MessageQueue: 	at android.os.Handler.sendMessageAtTime(Handler.java:718)
11-26 13:32:12.718 18238 18238 W MessageQueue: 	at android.os.Handler.sendMessageDelayed(Handler.java:688)
11-26 13:32:12.718 18238 18238 W MessageQueue: 	at android.os.Handler.post(Handler.java:405)
11-26 13:32:12.718 18238 18238 W MessageQueue: 	at symlab.CloudAR.manager.ARManager.driveFrame(ARManager.java:219)
11-26 13:32:12.718 18238 18238 W MessageQueue: 	at symlab.posterApp.PosterActivity$4.onPreviewFrame(PosterActivity.java:258)
11-26 13:32:12.718 18238 18238 W MessageQueue: 	at android.hardware.Camera$EventHandler.handleMessage(Camera.java:1278)
11-26 13:32:12.718 18238 18238 W MessageQueue: 	at android.os.Handler.dispatchMessage(Handler.java:112)
11-26 13:32:12.718 18238 18238 W MessageQueue: 	at android.os.Looper.loop(Looper.java:216)
11-26 13:32:12.718 18238 18238 W MessageQueue: 	at android.app.ActivityThread.main(ActivityThread.java:7579)
11-26 13:32:12.718 18238 18238 W MessageQueue: 	at java.lang.reflect.Method.invoke(Native Method)
11-26 13:32:12.718 18238 18238 W MessageQueue: 	at com.android.internal.os.RuntimeInit$MethodAndArgsCaller.run(RuntimeInit.java:524)
11-26 13:32:12.718 18238 18238 W MessageQueue: 	at com.android.internal.os.ZygoteInit.main(ZygoteInit.java:1034)
11-26 13:32:12.719 18238 18238 W MessageQueue: Handler (android.os.Handler) {c70a3e4} sending message to a Handler on a dead thread
11-26 13:32:12.719 18238 18238 W MessageQueue: java.lang.IllegalStateException: Handler (android.os.Handler) {c70a3e4} sending message to a Handler on a dead thread
11-26 13:32:12.719 18238 18238 W MessageQueue: 	at android.os.MessageQueue.enqueueMessage(MessageQueue.java:650)
11-26 13:32:12.719 18238 18238 W MessageQueue: 	at android.os.Handler.enqueueMessage(Handler.java:769)
11-26 13:32:12.719 18238 18238 W MessageQueue: 	at android.os.Handler.sendMessageAtTime(Handler.java:718)
11-26 13:32:12.719 18238 18238 W MessageQueue: 	at android.os.Handler.sendMessageDelayed(Handler.java:688)
11-26 13:32:12.719 18238 18238 W MessageQueue: 	at android.os.Handler.post(Handler.java:405)
11-26 13:32:12.719 18238 18238 W MessageQueue: 	at symlab.CloudAR.manager.ARManager.driveFrame(ARManager.java:221)
11-26 13:32:12.719 18238 18238 W MessageQueue: 	at symlab.posterApp.PosterActivity$4.onPreviewFrame(PosterActivity.java:258)
11-26 13:32:12.719 18238 18238 W MessageQueue: 	at android.hardware.Camera$EventHandler.handleMessage(Camera.java:1278)
11-26 13:32:12.719 18238 18238 W MessageQueue: 	at android.os.Handler.dispatchMessage(Handler.java:112)
11-26 13:32:12.719 18238 18238 W MessageQueue: 	at android.os.Looper.loop(Looper.java:216)
11-26 13:32:12.719 18238 18238 W MessageQueue: 	at android.app.ActivityThread.main(ActivityThread.java:7579)
11-26 13:32:12.719 18238 18238 W MessageQueue: 	at java.lang.reflect.Method.invoke(Native Method)
11-26 13:32:12.719 18238 18238 W MessageQueue: 	at com.android.internal.os.RuntimeInit$MethodAndArgsCaller.run(RuntimeInit.java:524)
11-26 13:32:12.719 18238 18238 W MessageQueue: 	at com.android.internal.os.ZygoteInit.main(ZygoteInit.java:1034)
11-26 13:32:12.749 18238 18238 W MessageQueue: Handler (android.os.Handler) {b403976} sending message to a Handler on a dead thread
11-26 13:32:12.749 18238 18238 W MessageQueue: java.lang.IllegalStateException: Handler (android.os.Handler) {b403976} sending message to a Handler on a dead thread
11-26 13:32:12.749 18238 18238 W MessageQueue: 	at android.os.MessageQueue.enqueueMessage(MessageQueue.java:650)
11-26 13:32:12.749 18238 18238 W MessageQueue: 	at android.os.Handler.enqueueMessage(Handler.java:769)
11-26 13:32:12.749 18238 18238 W MessageQueue: 	at android.os.Handler.sendMessageAtTime(Handler.java:718)
11-26 13:32:12.749 18238 18238 W MessageQueue: 	at android.os.Handler.sendMessageDelayed(Handler.java:688)
11-26 13:32:12.749 18238 18238 W MessageQueue: 	at android.os.Handler.post(Handler.java:405)
11-26 13:32:12.749 18238 18238 W MessageQueue: 	at symlab.CloudAR.manager.ARManager.driveFrame(ARManager.java:219)
11-26 13:32:12.749 18238 18238 W MessageQueue: 	at symlab.posterApp.PosterActivity$4.onPreviewFrame(PosterActivity.java:258)
11-26 13:32:12.749 18238 18238 W MessageQueue: 	at android.hardware.Camera$EventHandler.handleMessage(Camera.java:1278)
11-26 13:32:12.749 18238 18238 W MessageQueue: 	at android.os.Handler.dispatchMessage(Handler.java:112)
11-26 13:32:12.749 18238 18238 W MessageQueue: 	at android.os.Looper.loop(Looper.java:216)
11-26 13:32:12.749 18238 18238 W MessageQueue: 	at android.app.ActivityThread.main(ActivityThread.java:7579)
11-26 13:32:12.749 18238 18238 W MessageQueue: 	at java.lang.reflect.Method.invoke(Native Method)
